
Administrator@K7CGK4EXQ9ZQDL5 MINGW64 ~/Desktop
$ ssh -p 19923 -i ~/.ssh/id_rsa weijiezhang@123.177.17.19
Welcome to Ubuntu 16.04.3 LTS (GNU/Linux 4.15.0-43-generic x86_64)

 * Documentation:  https://help.ubuntu.com
 * Management:     https://landscape.canonical.com
 * Support:        https://ubuntu.com/advantage

266 个可升级软件包。
0 个安全更新。

New release '18.04.1 LTS' available.
Run 'do-release-upgrade' to upgrade to it.

*** 需要重启系统 ***
Last login: Tue Dec 25 14:11:40 2018 from 127.0.0.1
weijiezhang@weijie:~$ ./e2e.sh
root@10.163.235.11's password:
Welcome to Ubuntu 14.04.4 LTS (GNU/Linux 4.2.0-27-generic x86_64)

 * Documentation:  https://help.ubuntu.com/

  System information as of Tue Dec 25 14:13:33 CST 2018

  System load:                0.4
  Usage of /:                 89.8% of 848.23GB
  Memory usage:               8%
  Swap usage:                 0%
  Processes:                  571
  Users logged in:            1
  IP address for em1:         10.163.235.11
  IP address for br-fw-admin: 192.168.40.19
  IP address for br-vfuel2:   192.168.50.19
  IP address for br-vfuel3:   192.168.60.19
  IP address for virbr0:      192.168.122.1

  => / is using 89.8% of 848.23GB

  Graph this data and manage this system at:
    https://landscape.canonical.com/

280 packages can be updated.
213 updates are security updates.

New release '16.04.5 LTS' available.
Run 'do-release-upgrade' to upgrade to it.

Last login: Tue Dec 25 14:13:33 2018 from 146.11.44.173
root@CEE-E2E-fuelhost:~# ssh root@10.163.237.140
root@10.163.237.140's password:
Welcome to Ubuntu 14.04.5 LTS (GNU/Linux 4.4.0-31-generic x86_64)

 * Documentation:  https://help.ubuntu.com/

  System information as of Tue Dec 25 11:26:05 CST 2018

  System load:                  0.3
  Usage of /:                   61.8% of 626.48GB
  Memory usage:                 6%
  Swap usage:                   0%
  Processes:                    496
  Users logged in:              1
  IP address for br-fw-admin:   192.168.0.19
  IP address for docker0:       172.17.42.1
  IP address for br-vfuel-3:    192.168.31.19
  IP address for br-vfuel-4:    192.168.41.19
  IP address for br-vfuel-5:    192.168.51.19
  IP address for br-vfuel-6:    192.168.61.19
  IP address for br-vfuel-2:    192.168.21.19
  IP address for br-vfuel-2346: 192.168.71.19
  IP address for virbr0:        192.168.122.1

  Graph this data and manage this system at:
    https://landscape.canonical.com/

239 packages can be updated.
179 updates are security updates.

New release '16.04.5 LTS' available.
Run 'do-release-upgrade' to upgrade to it.

Last login: Tue Dec 25 11:26:05 2018 from 10.163.235.11
root@cee-ca-fuelhost:~# ssh fuel5

Attention! Unauthorized remote access is strictly prohibited!

root@fuel5's password:
Last login: Tue Dec 25 11:25:07 2018 from 192.168.51.19
[root@fuel ~]# ssh cic-1
Warning: Permanently added 'cic-1' (ECDSA) to the list of known hosts.

Attention! Unauthorized remote access is strictly prohibited!

Welcome to Ubuntu 14.04.5 LTS (GNU/Linux 4.4.0-101-generic x86_64)

 * Documentation:  https://help.ubuntu.com/
Last login: Tue Dec 25 11:25:10 2018 from 192.168.51.11
root@cic-1:~# nova list
+--------------------------------------+------------+---------+------------+----                                                                                                                ---------+----------------------------------------------------+
| ID                                   | Name       | Status  | Task State | Pow                                                                                                                er State | Networks                                           |
+--------------------------------------+------------+---------+------------+----                                                                                                                ---------+----------------------------------------------------+
| 7a713b90-dbee-4825-839c-ddd41d4717d7 | atlas_vm   | ACTIVE  | -          | Run                                                                                                                ning     | tenant_58=192.168.58.155; tenant_57=192.168.57.147 |
| 38a8eabe-a147-4336-a775-ff6c3dfc5071 | qwe2       | SHUTOFF | -          | Shu                                                                                                                tdown    | test-2900=10.0.29.12                               |
| 19532915-00a4-456d-8928-077433e4fc40 | test123    | ACTIVE  | -          | Run                                                                                                                ning     | tenant_58=192.168.58.156                           |
| 3e6db0f3-9b93-4fed-af23-d7cefd650359 | test234    | ACTIVE  | -          | Run                                                                                                                ning     | tenant_57=192.168.57.146                           |
| 12e9d79d-f10d-419f-856c-8e71d52e7e66 | test345    | SHUTOFF | -          | Shu                                                                                                                tdown    | tenant_57=192.168.57.148                           |
| 33f09f21-fe55-4f40-8223-43e0d44f7e60 | testmgmtvm | SHUTOFF | -          | Shu                                                                                                                tdown    | tenant_58=192.168.58.154                           |
| b1cce545-d598-41c6-8766-c3af879f9e4b | testvm1    | ACTIVE  | -          | Run                                                                                                                ning     | test-2900=10.0.29.13                               |
| e96293e9-ad26-41de-847a-f8f4c25c7eeb | testvm2    | SHUTOFF | -          | Shu                                                                                                                tdown    | test-2900=10.0.29.14                               |
| d7b07106-9380-444e-b354-e44571837da2 | testvm3    | SHUTOFF | -          | Shu                                                                                                                tdown    | test-2900=10.0.29.15                               |
| 78c2d444-3095-41d3-8278-5db33d79b83c | testvm4    | SHUTOFF | -          | Shu                                                                                                                tdown    | test-2900=10.0.29.16                               |
| 85ab9824-8a74-4cab-b73a-ec1a3559ca49 | testvm5    | ACTIVE  | -          | Run                                                                                                                ning     | test-2900=10.0.29.17                               |
+--------------------------------------+------------+---------+------------+----                                                                                                                ---------+----------------------------------------------------+
root@cic-1:~# nova stop 85ab9824-8a74-4cab-b73a-ec1a3559ca49
Request to stop server 85ab9824-8a74-4cab-b73a-ec1a3559ca49 has been accepted.
root@cic-1:~# nova list
+--------------------------------------+------------+---------+------------+----                                                                                                                ---------+----------------------------------------------------+
| ID                                   | Name       | Status  | Task State | Pow                                                                                                                er State | Networks                                           |
+--------------------------------------+------------+---------+------------+----                                                                                                                ---------+----------------------------------------------------+
| 7a713b90-dbee-4825-839c-ddd41d4717d7 | atlas_vm   | ACTIVE  | -          | Run                                                                                                                ning     | tenant_58=192.168.58.155; tenant_57=192.168.57.147 |
| 38a8eabe-a147-4336-a775-ff6c3dfc5071 | qwe2       | SHUTOFF | -          | Shu                                                                                                                tdown    | test-2900=10.0.29.12                               |
| 19532915-00a4-456d-8928-077433e4fc40 | test123    | ACTIVE  | -          | Run                                                                                                                ning     | tenant_58=192.168.58.156                           |
| 3e6db0f3-9b93-4fed-af23-d7cefd650359 | test234    | ACTIVE  | -          | Run                                                                                                                ning     | tenant_57=192.168.57.146                           |
| 12e9d79d-f10d-419f-856c-8e71d52e7e66 | test345    | SHUTOFF | -          | Shu                                                                                                                tdown    | tenant_57=192.168.57.148                           |
| 33f09f21-fe55-4f40-8223-43e0d44f7e60 | testmgmtvm | SHUTOFF | -          | Shu                                                                                                                tdown    | tenant_58=192.168.58.154                           |
| b1cce545-d598-41c6-8766-c3af879f9e4b | testvm1    | ACTIVE  | -          | Run                                                                                                                ning     | test-2900=10.0.29.13                               |
| e96293e9-ad26-41de-847a-f8f4c25c7eeb | testvm2    | SHUTOFF | -          | Shu                                                                                                                tdown    | test-2900=10.0.29.14                               |
| d7b07106-9380-444e-b354-e44571837da2 | testvm3    | SHUTOFF | -          | Shu                                                                                                                tdown    | test-2900=10.0.29.15                               |
| 78c2d444-3095-41d3-8278-5db33d79b83c | testvm4    | SHUTOFF | -          | Shu                                                                                                                tdown    | test-2900=10.0.29.16                               |
| 85ab9824-8a74-4cab-b73a-ec1a3559ca49 | testvm5    | SHUTOFF | -          | Shu                                                                                                                tdown    | test-2900=10.0.29.17                               |
+--------------------------------------+------------+---------+------------+----                                                                                                                ---------+----------------------------------------------------+
root@cic-1:~# nova start 85ab9824-8a74-4cab-b73a-ec1a3559ca49
Request to start server 85ab9824-8a74-4cab-b73a-ec1a3559ca49 has been accepted.
root@cic-1:~# nova --debug -all list
DEBUG (extension:157) found extension EntryPoint.parse('password-aodh-legacy = aodh.keystone_client:LegacyAodhKeystoneLoader')
DEBUG (extension:157) found extension EntryPoint.parse('password-ceilometer-legacy = ceilometer.keystone_client:LegacyCeilometerKeystoneLoader')
DEBUG (extension:157) found extension EntryPoint.parse('aodh-noauth = aodhclient.noauth:AodhNoAuthLoader')
DEBUG (extension:157) found extension EntryPoint.parse('v2token = keystoneauth1.loading._plugins.identity.v2:Token')
DEBUG (extension:157) found extension EntryPoint.parse('admin_token = keystoneauth1.loading._plugins.admin_token:AdminToken')
DEBUG (extension:157) found extension EntryPoint.parse('v3oidcauthcode = keystoneauth1.loading._plugins.identity.v3:OpenIDConnectAuthorizationCode')
DEBUG (extension:157) found extension EntryPoint.parse('v2password = keystoneauth1.loading._plugins.identity.v2:Password')
DEBUG (extension:157) found extension EntryPoint.parse('v3password = keystoneauth1.loading._plugins.identity.v3:Password')
DEBUG (extension:157) found extension EntryPoint.parse('v3oidcpassword = keystoneauth1.loading._plugins.identity.v3:OpenIDConnectPassword')
DEBUG (extension:157) found extension EntryPoint.parse('token = keystoneauth1.loading._plugins.identity.generic:Token')
DEBUG (extension:157) found extension EntryPoint.parse('v3token = keystoneauth1.loading._plugins.identity.v3:Token')
DEBUG (extension:157) found extension EntryPoint.parse('password = keystoneauth1.loading._plugins.identity.generic:Password')
DEBUG (extension:157) found extension EntryPoint.parse('gnocchi-noauth = gnocchiclient.noauth:GnocchiNoAuthLoader')
DEBUG (session:253) REQ: curl -g -i --cacert "/etc/ssl/certs/CEE/ctrl-ca.crt" -X GET http://[fd00::c0a8:3418]:5000/v2.0 -H "Accept: application/json" -H "User-Agent: keystoneauth1/2.4.3 python-requests/2.9.1 CPython/2.7.6"
INFO (connectionpool:208) Starting new HTTP connection (1): fd00::c0a8:3418
DEBUG (connectionpool:388) "GET /v2.0 HTTP/1.1" 200 None
DEBUG (session:294) RESP: [200] Transfer-Encoding: chunked Vary: X-Keystone-Internal,X-Auth-Token Server: Apache Connection: close Date: Tue, 25 Dec 2018 08:03:31 GMT X-Frame-Options: SAMEORIGIN Content-Type: application/json x-openstack-request-id: req-47b91f44-449d-47a0-a814-6f5c252161a3
RESP BODY: {"version": {"status": "stable", "updated": "2014-04-17T00:00:00Z", "media-types": [{"base": "application/json", "type": "application/vnd.openstack.identity-v2.0+json"}], "id": "v2.0", "links": [{"href": "http://[fd00::c0a8:3418]:5000/v2.0/", "rel": "self"}, {"href": "http://docs.openstack.org/", "type": "text/html", "rel": "describedby"}]}}

DEBUG (v2:63) Making authentication request to http://[fd00::c0a8:3418]:5000/v2.0/tokens
INFO (connectionpool:243) Resetting dropped connection: fd00::c0a8:3418
DEBUG (connectionpool:388) "POST /v2.0/tokens HTTP/1.1" 200 None
DEBUG (session:253) REQ: curl -g -i --cacert "/etc/ssl/certs/CEE/ctrl-ca.crt" -X GET http://[fd00::c0a8:3418]:8774/v2.1 -H "User-Agent: python-novaclient" -H "Accept: application/json" -H "X-Auth-Token: {SHA1}9f03e3ce4027b56a05948067e94b67a6645bfb14"
INFO (connectionpool:208) Starting new HTTP connection (1): fd00::c0a8:3418
DEBUG (connectionpool:388) "GET /v2.1 HTTP/1.1" 302 0
DEBUG (session:294) RESP: [302] Content-Length: 0 X-Compute-Request-Id: req-c24f0135-7d02-4292-a7d5-01ac4ef88959 Connection: close Location: http://[fd00::c0a8:3418]:8774/v2.1/ Date: Tue, 25 Dec 2018 08:03:32 GMT Content-Type: text/plain; charset=utf8
RESP BODY: Omitted, Content-Type is set to text/plain; charset=utf8. Only application/json responses have their bodies logged.

INFO (connectionpool:243) Resetting dropped connection: fd00::c0a8:3418
DEBUG (connectionpool:388) "GET /v2.1/ HTTP/1.1" 200 391
DEBUG (session:294) RESP: [200] Content-Length: 391 X-Compute-Request-Id: req-ed852074-1a0d-4f36-a3c6-a96ca46c3a03 Vary: X-OpenStack-Nova-API-Version Connection: close X-Openstack-Nova-Api-Version: 2.1 Date: Tue, 25 Dec 2018 08:03:32 GMT Content-Type: application/json
RESP BODY: {"version": {"status": "CURRENT", "updated": "2013-07-23T11:33:21Z", "links": [{"href": "http://[fd00::c0a8:3418]:8774/v2.1/", "rel": "self"}, {"href": "http://docs.openstack.org/", "type": "text/html", "rel": "describedby"}], "min_version": "2.1", "version": "2.25", "media-types": [{"base": "application/json", "type": "application/vnd.openstack.compute+json;version=2.1"}], "id": "v2.1"}}

DEBUG (extension:157) found extension EntryPoint.parse('password-aodh-legacy = aodh.keystone_client:LegacyAodhKeystoneLoader')
DEBUG (extension:157) found extension EntryPoint.parse('password-ceilometer-legacy = ceilometer.keystone_client:LegacyCeilometerKeystoneLoader')
DEBUG (extension:157) found extension EntryPoint.parse('aodh-noauth = aodhclient.noauth:AodhNoAuthLoader')
DEBUG (extension:157) found extension EntryPoint.parse('v2token = keystoneauth1.loading._plugins.identity.v2:Token')
DEBUG (extension:157) found extension EntryPoint.parse('admin_token = keystoneauth1.loading._plugins.admin_token:AdminToken')
DEBUG (extension:157) found extension EntryPoint.parse('v3oidcauthcode = keystoneauth1.loading._plugins.identity.v3:OpenIDConnectAuthorizationCode')
DEBUG (extension:157) found extension EntryPoint.parse('v2password = keystoneauth1.loading._plugins.identity.v2:Password')
DEBUG (extension:157) found extension EntryPoint.parse('v3password = keystoneauth1.loading._plugins.identity.v3:Password')
DEBUG (extension:157) found extension EntryPoint.parse('v3oidcpassword = keystoneauth1.loading._plugins.identity.v3:OpenIDConnectPassword')
DEBUG (extension:157) found extension EntryPoint.parse('token = keystoneauth1.loading._plugins.identity.generic:Token')
DEBUG (extension:157) found extension EntryPoint.parse('v3token = keystoneauth1.loading._plugins.identity.v3:Token')
DEBUG (extension:157) found extension EntryPoint.parse('password = keystoneauth1.loading._plugins.identity.generic:Password')
DEBUG (extension:157) found extension EntryPoint.parse('gnocchi-noauth = gnocchiclient.noauth:GnocchiNoAuthLoader')
usage: nova [--version] [--debug] [--os-cache] [--timings]
            [--os-region-name <region-name>] [--service-type <service-type>]
            [--service-name <service-name>]
            [--volume-service-name <volume-service-name>]
            [--os-endpoint-type <endpoint-type>]
            [--os-compute-api-version <compute-api-ver>]
            [--bypass-url <bypass-url>] [--insecure]
            [--os-cacert <ca-certificate>] [--os-cert <certificate>]
            [--os-key <key>] [--timeout <seconds>] [--os-auth-type <name>]
            [--os-auth-url OS_AUTH_URL] [--os-domain-id OS_DOMAIN_ID]
            [--os-domain-name OS_DOMAIN_NAME] [--os-project-id OS_PROJECT_ID]
            [--os-project-name OS_PROJECT_NAME]
            [--os-project-domain-id OS_PROJECT_DOMAIN_ID]
            [--os-project-domain-name OS_PROJECT_DOMAIN_NAME]
            [--os-trust-id OS_TRUST_ID]
            [--os-default-domain-id OS_DEFAULT_DOMAIN_ID]
            [--os-default-domain-name OS_DEFAULT_DOMAIN_NAME]
            [--os-user-id OS_USER_ID] [--os-username OS_USERNAME]
            [--os-user-domain-id OS_USER_DOMAIN_ID]
            [--os-user-domain-name OS_USER_DOMAIN_NAME]
            [--os-password OS_PASSWORD]
            <subcommand> ...
error: unrecognized arguments: -all
Try 'nova help ' for more information.
root@cic-1:~# nova --debug list
DEBUG (extension:157) found extension EntryPoint.parse('password-aodh-legacy = aodh.keystone_client:LegacyAodhKeystoneLoader')
DEBUG (extension:157) found extension EntryPoint.parse('password-ceilometer-legacy = ceilometer.keystone_client:LegacyCeilometerKeystoneLoader')
DEBUG (extension:157) found extension EntryPoint.parse('aodh-noauth = aodhclient.noauth:AodhNoAuthLoader')
DEBUG (extension:157) found extension EntryPoint.parse('v2token = keystoneauth1.loading._plugins.identity.v2:Token')
DEBUG (extension:157) found extension EntryPoint.parse('admin_token = keystoneauth1.loading._plugins.admin_token:AdminToken')
DEBUG (extension:157) found extension EntryPoint.parse('v3oidcauthcode = keystoneauth1.loading._plugins.identity.v3:OpenIDConnectAuthorizationCode')
DEBUG (extension:157) found extension EntryPoint.parse('v2password = keystoneauth1.loading._plugins.identity.v2:Password')
DEBUG (extension:157) found extension EntryPoint.parse('v3password = keystoneauth1.loading._plugins.identity.v3:Password')
DEBUG (extension:157) found extension EntryPoint.parse('v3oidcpassword = keystoneauth1.loading._plugins.identity.v3:OpenIDConnectPassword')
DEBUG (extension:157) found extension EntryPoint.parse('token = keystoneauth1.loading._plugins.identity.generic:Token')
DEBUG (extension:157) found extension EntryPoint.parse('v3token = keystoneauth1.loading._plugins.identity.v3:Token')
DEBUG (extension:157) found extension EntryPoint.parse('password = keystoneauth1.loading._plugins.identity.generic:Password')
DEBUG (extension:157) found extension EntryPoint.parse('gnocchi-noauth = gnocchiclient.noauth:GnocchiNoAuthLoader')
DEBUG (session:253) REQ: curl -g -i --cacert "/etc/ssl/certs/CEE/ctrl-ca.crt" -X GET http://[fd00::c0a8:3418]:5000/v2.0 -H "Accept: application/json" -H "User-Agent: keystoneauth1/2.4.3 python-requests/2.9.1 CPython/2.7.6"
INFO (connectionpool:208) Starting new HTTP connection (1): fd00::c0a8:3418
DEBUG (connectionpool:388) "GET /v2.0 HTTP/1.1" 200 None
DEBUG (session:294) RESP: [200] Transfer-Encoding: chunked Vary: X-Keystone-Internal,X-Auth-Token Server: Apache Connection: close Date: Tue, 25 Dec 2018 08:03:39 GMT X-Frame-Options: SAMEORIGIN Content-Type: application/json x-openstack-request-id: req-55f17b40-7ed5-40bb-8d86-e09f2c625bbb
RESP BODY: {"version": {"status": "stable", "updated": "2014-04-17T00:00:00Z", "media-types": [{"base": "application/json", "type": "application/vnd.openstack.identity-v2.0+json"}], "id": "v2.0", "links": [{"href": "http://[fd00::c0a8:3418]:5000/v2.0/", "rel": "self"}, {"href": "http://docs.openstack.org/", "type": "text/html", "rel": "describedby"}]}}

DEBUG (v2:63) Making authentication request to http://[fd00::c0a8:3418]:5000/v2.0/tokens
INFO (connectionpool:243) Resetting dropped connection: fd00::c0a8:3418
DEBUG (connectionpool:388) "POST /v2.0/tokens HTTP/1.1" 200 None
DEBUG (session:253) REQ: curl -g -i --cacert "/etc/ssl/certs/CEE/ctrl-ca.crt" -X GET http://[fd00::c0a8:3418]:8774/v2.1 -H "User-Agent: python-novaclient" -H "Accept: application/json" -H "X-Auth-Token: {SHA1}6c03a24362c459adf774edf3c732ff6070515a15"
INFO (connectionpool:208) Starting new HTTP connection (1): fd00::c0a8:3418
DEBUG (connectionpool:388) "GET /v2.1 HTTP/1.1" 302 0
DEBUG (session:294) RESP: [302] Content-Length: 0 X-Compute-Request-Id: req-fde7f737-fd00-4f3f-824b-6b673d180fd5 Connection: close Location: http://[fd00::c0a8:3418]:8774/v2.1/ Date: Tue, 25 Dec 2018 08:03:39 GMT Content-Type: text/plain; charset=utf8
RESP BODY: Omitted, Content-Type is set to text/plain; charset=utf8. Only application/json responses have their bodies logged.

INFO (connectionpool:243) Resetting dropped connection: fd00::c0a8:3418
DEBUG (connectionpool:388) "GET /v2.1/ HTTP/1.1" 200 391
DEBUG (session:294) RESP: [200] Content-Length: 391 X-Compute-Request-Id: req-e3108be7-a389-44a4-9e70-e6c56b7dcad1 Vary: X-OpenStack-Nova-API-Version Connection: close X-Openstack-Nova-Api-Version: 2.1 Date: Tue, 25 Dec 2018 08:03:39 GMT Content-Type: application/json
RESP BODY: {"version": {"status": "CURRENT", "updated": "2013-07-23T11:33:21Z", "links": [{"href": "http://[fd00::c0a8:3418]:8774/v2.1/", "rel": "self"}, {"href": "http://docs.openstack.org/", "type": "text/html", "rel": "describedby"}], "min_version": "2.1", "version": "2.25", "media-types": [{"base": "application/json", "type": "application/vnd.openstack.compute+json;version=2.1"}], "id": "v2.1"}}

DEBUG (extension:157) found extension EntryPoint.parse('password-aodh-legacy = aodh.keystone_client:LegacyAodhKeystoneLoader')
DEBUG (extension:157) found extension EntryPoint.parse('password-ceilometer-legacy = ceilometer.keystone_client:LegacyCeilometerKeystoneLoader')
DEBUG (extension:157) found extension EntryPoint.parse('aodh-noauth = aodhclient.noauth:AodhNoAuthLoader')
DEBUG (extension:157) found extension EntryPoint.parse('v2token = keystoneauth1.loading._plugins.identity.v2:Token')
DEBUG (extension:157) found extension EntryPoint.parse('admin_token = keystoneauth1.loading._plugins.admin_token:AdminToken')
DEBUG (extension:157) found extension EntryPoint.parse('v3oidcauthcode = keystoneauth1.loading._plugins.identity.v3:OpenIDConnectAuthorizationCode')
DEBUG (extension:157) found extension EntryPoint.parse('v2password = keystoneauth1.loading._plugins.identity.v2:Password')
DEBUG (extension:157) found extension EntryPoint.parse('v3password = keystoneauth1.loading._plugins.identity.v3:Password')
DEBUG (extension:157) found extension EntryPoint.parse('v3oidcpassword = keystoneauth1.loading._plugins.identity.v3:OpenIDConnectPassword')
DEBUG (extension:157) found extension EntryPoint.parse('token = keystoneauth1.loading._plugins.identity.generic:Token')
DEBUG (extension:157) found extension EntryPoint.parse('v3token = keystoneauth1.loading._plugins.identity.v3:Token')
DEBUG (extension:157) found extension EntryPoint.parse('password = keystoneauth1.loading._plugins.identity.generic:Password')
DEBUG (extension:157) found extension EntryPoint.parse('gnocchi-noauth = gnocchiclient.noauth:GnocchiNoAuthLoader')
DEBUG (session:253) REQ: curl -g -i --cacert "/etc/ssl/certs/CEE/ctrl-ca.crt" -X GET http://[fd00::c0a8:3418]:8774/v2.1/servers/detail -H "User-Agent: python-novaclient" -H "Accept: application/json" -H "X-OpenStack-Nova-API-Version: 2.25" -H "X-Auth-Token: {SHA1}6c03a24362c459adf774edf3c732ff6070515a15"
INFO (connectionpool:243) Resetting dropped connection: fd00::c0a8:3418
DEBUG (connectionpool:388) "GET /v2.1/servers/detail HTTP/1.1" 200 40343
DEBUG (session:294) RESP: [200] Content-Length: 40343 X-Compute-Request-Id: req-992c88f3-068e-48a8-b94c-8d838438a34f Vary: X-OpenStack-Nova-API-Version Connection: close X-Openstack-Nova-Api-Version: 2.25 Date: Tue, 25 Dec 2018 08:03:40 GMT Content-Type: application/json
RESP BODY: {"servers": [{"status": "SHUTOFF", "OS-EXT-SRV-ATTR:ramdisk_id": "", "updated": "2018-11-16T01:12:40Z", "hostId": "ed1672c0c579904b74a3c24999009613cc4f9af028b6a826366e0f29", "OS-EXT-SRV-ATTR:host": "compute-4-2.domain.tld", "addresses": {"tenant_57": [{"OS-EXT-IPS-MAC:mac_addr": "fa:16:3e:ba:86:48", "version": 4, "addr": "192.168.57.148", "OS-EXT-IPS:type": "fixed"}]}, "links": [{"href": "http://[fd00::c0a8:3418]:8774/v2.1/servers/12e9d79d-f10d-419f-856c-8e71d52e7e66", "rel": "self"}, {"href": "http://[fd00::c0a8:3418]:8774/servers/12e9d79d-f10d-419f-856c-8e71d52e7e66", "rel": "bookmark"}], "key_name": null, "image": {"id": "ef4fbf7e-e417-4838-ba4e-41a607ba04e0", "links": [{"href": "http://[fd00::c0a8:3418]:8774/images/ef4fbf7e-e417-4838-ba4e-41a607ba04e0", "rel": "bookmark"}]}, "OS-EXT-SRV-ATTR:user_data": null, "OS-EXT-STS:task_state": null, "OS-EXT-STS:vm_state": "stopped", "OS-EXT-SRV-ATTR:instance_name": "instance-00000028", "OS-EXT-SRV-ATTR:root_device_name": "/dev/vda", "OS-SRV-USG:launched_at": "2018-11-14T06:58:17.000000", "locked": false, "flavor": {"id": "2", "links": [{"href": "http://[fd00::c0a8:3418]:8774/flavors/2", "rel": "bookmark"}]}, "id": "12e9d79d-f10d-419f-856c-8e71d52e7e66", "security_groups": [{"name": "default"}], "scheduler_hints": {}, "OS-EXT-SRV-ATTR:kernel_id": "", "host_status": "UP", "OS-EXT-AZ:availability_zone": "nova", "user_id": "5cea69bf891a4ce4b39479659f5f89e5", "name": "test345", "OS-EXT-SRV-ATTR:launch_index": 0, "created": "2018-11-14T06:58:10Z", "tenant_id": "ce3ddd6b8823409c92ceaa8ac6e40963", "description": null, "OS-DCF:diskConfig": "MANUAL", "OS-EXT-SRV-ATTR:hypervisor_hostname": "compute-4-2.domain.tld", "os-extended-volumes:volumes_attached": [], "accessIPv4": "", "accessIPv6": "", "OS-EXT-SRV-ATTR:reservation_id": "r-v5sycjic", "OS-EXT-SRV-ATTR:hostname": "test345", "OS-EXT-STS:power_state": 4, "config_drive": "True", "OS-SRV-USG:terminated_at": null, "metadata": {}}, {"status": "ACTIVE", "OS-EXT-SRV-ATTR:ramdisk_id": "", "updated": "2018-11-14T06:56:11Z", "hostId": "835b95f424e5c51e9ac9eaac2f0a4e541bdc145897717c6848ea6d6f", "OS-EXT-SRV-ATTR:host": "compute-4-1.domain.tld", "addresses": {"tenant_57": [{"OS-EXT-IPS-MAC:mac_addr": "fa:16:3e:cc:90:de", "version": 4, "addr": "192.168.57.146", "OS-EXT-IPS:type": "fixed"}]}, "links": [{"href": "http://[fd00::c0a8:3418]:8774/v2.1/servers/3e6db0f3-9b93-4fed-af23-d7cefd650359", "rel": "self"}, {"href": "http://[fd00::c0a8:3418]:8774/servers/3e6db0f3-9b93-4fed-af23-d7cefd650359", "rel": "bookmark"}], "key_name": null, "image": {"id": "ef4fbf7e-e417-4838-ba4e-41a607ba04e0", "links": [{"href": "http://[fd00::c0a8:3418]:8774/images/ef4fbf7e-e417-4838-ba4e-41a607ba04e0", "rel": "bookmark"}]}, "OS-EXT-SRV-ATTR:user_data": null, "OS-EXT-STS:task_state": null, "OS-EXT-STS:vm_state": "active", "OS-EXT-SRV-ATTR:instance_name": "instance-00000027", "OS-EXT-SRV-ATTR:root_device_name": "/dev/vda", "OS-SRV-USG:launched_at": "2018-11-14T06:56:10.000000", "locked": false, "flavor": {"id": "2", "links": [{"href": "http://[fd00::c0a8:3418]:8774/flavors/2", "rel": "bookmark"}]}, "id": "3e6db0f3-9b93-4fed-af23-d7cefd650359", "security_groups": [{"name": "default"}], "scheduler_hints": {}, "OS-EXT-SRV-ATTR:kernel_id": "", "host_status": "UP", "OS-EXT-AZ:availability_zone": "nova", "user_id": "5cea69bf891a4ce4b39479659f5f89e5", "name": "test234", "OS-EXT-SRV-ATTR:launch_index": 0, "created": "2018-11-14T06:56:01Z", "tenant_id": "ce3ddd6b8823409c92ceaa8ac6e40963", "description": null, "OS-DCF:diskConfig": "MANUAL", "OS-EXT-SRV-ATTR:hypervisor_hostname": "compute-4-1.domain.tld", "os-extended-volumes:volumes_attached": [], "accessIPv4": "", "accessIPv6": "", "OS-EXT-SRV-ATTR:reservation_id": "r-vtoo3ttc", "OS-EXT-SRV-ATTR:hostname": "test234", "progress": 0, "OS-EXT-STS:power_state": 1, "config_drive": "True", "OS-SRV-USG:terminated_at": null, "metadata": {}}, {"status": "ACTIVE", "OS-EXT-SRV-ATTR:ramdisk_id": "", "updated": "2018-11-14T06:50:10Z", "hostId": "835b95f424e5c51e9ac9eaac2f0a4e541bdc145897717c6848ea6d6f", "OS-EXT-SRV-ATTR:host": "compute-4-1.domain.tld", "addresses": {"tenant_58": [{"OS-EXT-IPS-MAC:mac_addr": "fa:16:3e:da:d5:78", "version": 4, "addr": "192.168.58.156", "OS-EXT-IPS:type": "fixed"}]}, "links": [{"href": "http://[fd00::c0a8:3418]:8774/v2.1/servers/19532915-00a4-456d-8928-077433e4fc40", "rel": "self"}, {"href": "http://[fd00::c0a8:3418]:8774/servers/19532915-00a4-456d-8928-077433e4fc40", "rel": "bookmark"}], "key_name": null, "image": {"id": "ef4fbf7e-e417-4838-ba4e-41a607ba04e0", "links": [{"href": "http://[fd00::c0a8:3418]:8774/images/ef4fbf7e-e417-4838-ba4e-41a607ba04e0", "rel": "bookmark"}]}, "OS-EXT-SRV-ATTR:user_data": null, "OS-EXT-STS:task_state": null, "OS-EXT-STS:vm_state": "active", "OS-EXT-SRV-ATTR:instance_name": "instance-00000026", "OS-EXT-SRV-ATTR:root_device_name": "/dev/vda", "OS-SRV-USG:launched_at": "2018-11-14T06:50:10.000000", "locked": false, "flavor": {"id": "2", "links": [{"href": "http://[fd00::c0a8:3418]:8774/flavors/2", "rel": "bookmark"}]}, "id": "19532915-00a4-456d-8928-077433e4fc40", "security_groups": [{"name": "default"}], "scheduler_hints": {}, "OS-EXT-SRV-ATTR:kernel_id": "", "host_status": "UP", "OS-EXT-AZ:availability_zone": "nova", "user_id": "5cea69bf891a4ce4b39479659f5f89e5", "name": "test123", "OS-EXT-SRV-ATTR:launch_index": 0, "created": "2018-11-14T06:50:03Z", "tenant_id": "ce3ddd6b8823409c92ceaa8ac6e40963", "description": null, "OS-DCF:diskConfig": "MANUAL", "OS-EXT-SRV-ATTR:hypervisor_hostname": "compute-4-1.domain.tld", "os-extended-volumes:volumes_attached": [], "accessIPv4": "", "accessIPv6": "", "OS-EXT-SRV-ATTR:reservation_id": "r-r7dsy120", "OS-EXT-SRV-ATTR:hostname": "test123", "progress": 0, "OS-EXT-STS:power_state": 1, "config_drive": "True", "OS-SRV-USG:terminated_at": null, "metadata": {}}, {"status": "ACTIVE", "OS-EXT-SRV-ATTR:ramdisk_id": "", "updated": "2018-11-27T08:29:00Z", "hostId": "ed1672c0c579904b74a3c24999009613cc4f9af028b6a826366e0f29", "OS-EXT-SRV-ATTR:host": "compute-4-2.domain.tld", "addresses": {"tenant_57": [{"OS-EXT-IPS-MAC:mac_addr": "fa:16:3e:ed:ce:aa", "version": 4, "addr": "192.168.57.147", "OS-EXT-IPS:type": "fixed"}], "tenant_58": [{"OS-EXT-IPS-MAC:mac_addr": "fa:16:3e:2a:49:5b", "version": 4, "addr": "192.168.58.155", "OS-EXT-IPS:type": "fixed"}]}, "links": [{"href": "http://[fd00::c0a8:3418]:8774/v2.1/servers/7a713b90-dbee-4825-839c-ddd41d4717d7", "rel": "self"}, {"href": "http://[fd00::c0a8:3418]:8774/servers/7a713b90-dbee-4825-839c-ddd41d4717d7", "rel": "bookmark"}], "key_name": null, "image": {"id": "9237a521-733f-433d-8e15-5844369cfc97", "links": [{"href": "http://[fd00::c0a8:3418]:8774/images/9237a521-733f-433d-8e15-5844369cfc97", "rel": "bookmark"}]}, "OS-EXT-SRV-ATTR:user_data": "I2Nsb3VkLWNvbmZpZwpob3N0bmFtZTogYXRsYXMKc3NoX3B3YXV0aDogVHJ1ZQpjaHBhc3N3ZDoKICBsaXN0OiB8CiAgICBhdGxhc2FkbTpxd3F3cXcKICBleHBpcmU6IEZhbHNlCgp3cml0ZV9maWxlczoKIC0gcGF0aDogIi9ldGMvc3NsL2NlcnRzL2F0bGFzLWNhLmNydCIKICAgcGVybWlzc2lvbnM6ICIwNjQ0IgogICBvd25lcjogInJvb3Q6cm9vdCIKICAgY29udGVudDogfAogICAgIC0tLS0tQkVHSU4gQ0VSVElGSUNBVEUtLS0tLQogICAgIE1JSUZnVENDQTJtZ0F3SUJBZ0lKQUkvb2ozY2F1Q0EvTUEwR0NTcUdTSWIzRFFFQkN3VUFNRmN4Q3pBSkJnTlYKICAgICBCQVlUQWtOT01Rc3dDUVlEVlFRSURBSkRUakVMTUFrR0ExVUVCd3dDUWtveEN6QUpCZ05WQkFvTUFrTk9NUXN3CiAgICAgQ1FZRFZRUUxEQUpEVGpFVU1CSUdBMVVFQXd3TFpYSnBZM056YjI0dWMyVXdIaGNOTVRnd01qQTFNRGsxTkRNMAogICAgIFdoY05Namd3TWpBek1EazFORE0wV2pCWE1Rc3dDUVlEVlFRR0V3SkRUakVMTUFrR0ExVUVDQXdDUTA0eEN6QUoKICAgICBCZ05WQkFjTUFrSktNUXN3Q1FZRFZRUUtEQUpEVGpFTE1Ba0dBMVVFQ3d3Q1EwNHhGREFTQmdOVkJBTU1DMlZ5CiAgICAgYVdOemMyOXVMbk5sTUlJQ0lqQU5CZ2txaGtpRzl3MEJBUUVGQUFPQ0FnOEFNSUlDQ2dLQ0FnRUEzYlFqNkhUdQogICAgIGt0RVRQV3BLWUtGM0cxczBJY0p1Qjd2WDN5VXhRcXJHYU54bmNZV1VRRjNZSFFCeEFYWjErZnZjUWFtd3V4SncKICAgICBxaC9TVC9HaGJGL0NqOU1tUHhCQ0cxTE9FK01uNzJxQTlaNDdYUVJlVzJnNGVQZTRYdjN4QTFkUlF0dWlEZHJoCiAgICAgS200RHlZMkhaanJTREpEVXRiV0JKZWo0NzE1cUF3OWxmR2c4T0kwVE1uS0dzQkUzVElSNkRNa283aG90bWx1SwogICAgIEdISHRvVjRtakRpbWYzZXB1eXdGVmVxSXNGOWdhdy9ieDdrUC85dkVtdmpXcWM2NWhTMm1PVmgrZllTbHZYV04KICAgICBjQUMwUUtzQnJsdDIxWmI0TlVackwrTW9yb0VyTXZna3pKdTJ1SWtHQWZOQkZYRE9Rckt0QkVBMUYyYnV2d0xMCiAgICAgUGphN0tyOFVORm82a3FyaEFFZXc5ZVJvcU5URzMwWjlmNEVnV1pIMHJPWUU4UjY5bE5WbndFNHBMTmlDK1JUcwogICAgIDFhSUowbW5mWTZmMGlzZjRwTUQ3SmErbjZiNngxYUJmeDBnLzZWRnkxMldOOThBRVp0dWN0c2IrUHlIZzdkaW4KICAgICBBdXRUMXBITkF4K2pQSy9HazdpMVduVFNEcU0rNER6WWJuUmJ2V0hXVXI5WXplZnFxb1YySnFJcmgwdTNTZjBHCiAgICAgNjYvVjhEM1NERkJoWlF2N1ZUbFBDNGYzR0pYVW1ucTdKMU1OTjdsdjgxSm9xajhkUUJINDdybm9QVkZQb3BsdgogICAgIHh5bnc3cmtqekFJeGQzb3puOSsrNGl2WXRuQld1T28zUnZoeVlTeDc0aGEycDVwM3FGbHJNS3UrM3puNXJIWGoKICAgICBjWU5jdStscmpranJFRmt5OFkxZVFYTmlkcWQyUmFvKzRzMENBd0VBQWFOUU1FNHdIUVlEVlIwT0JCWUVGSEdTCiAgICAgZk5aZThpR1hZckxrajRLc1ljYXhTWlYxTUI4R0ExVWRJd1FZTUJhQUZIR1NmTlplOGlHWFlyTGtqNEtzWWNheAogICAgIFNaVjFNQXdHQTFVZEV3UUZNQU1CQWY4d0RRWUpLb1pJaHZjTkFRRUxCUUFEZ2dJQkFCYzgyV2V1MGQxbDcvazIKICAgICB0TEVVNWN6SGVEenlnV1BQZFpnMWttOUEyc1hOU1RSWHJBdHMyRmtFZTdNS2hVOGcrVXgxYTk2cnM4VU91eU9OCiAgICAgR1Axc2xiNktkYjExYU51azB5MkFkVnJnZVMvRWY3dFNGSE9lN0VhU3dxekc3Wkgza1RuSDVaYnhIR0xuSWNRRAogICAgIC9BRjFobHFlclNFNlhDVjQyVXpVZjY3dGdIN0tMQlE3aldMRml5SzcvZTAzWER0V1NZSEU2UXFLUWpRTVZRSDEKICAgICBZWko4NWt3dVM0TUlnQkVNS2E2RlZGZS93M3NaS0RCZHFtZmJjSkF1SHRjWEpOa0tVclNta3YzdFJzZmkwRnpxCiAgICAgeFZPVFp0SjZ2TUZJNjZTR0FrOVNWM0NJQWplNVp2L2s2U2dKWmRUaWtQb1IydHBmd1RTdUNDUWd4aWo4dnJZMwogICAgIDl1eHZPa3JOL1VCREZEL1ZLY1hSemRJM3phZVVhbXBudTZrd21SbXlXRnVTNjBLcnYxb0VOZG41b0FBbDVmbnkKICAgICBxaHpidWlIbU5kWFJhSjE0bVdrOWh0SGxYUlk3Sm5pRHlpZW5ybnd3L3RYNFVlS3c5WHdvalRQdU5HeGtqYkVECiAgICAgVTIyK2Z1NjZrN2FqRUJGRVNKUEoraks4QTBJbDJYVVhXTGlYZXBRQ0w0a2YvbGdpbXBlM0pXTG1UUnpEd292UQogICAgIE1DNlFmS1dpQy9TYkp2OXR5MktORHFMYncvTHU0ZDVBK0F1L3c2U3NTN21KeFpReENJN21RR1hFdm44OCtsb0oKICAgICBya1E4cjIySE9UalJIeWZUcUJvMVo1UFZXOVAvZDUvdXRLY1ovSkEwTFNFMC9OclRQRWdNSUVsaEpIU2duL3Q4CiAgICAgOENxdXBGWFdsMDhUcEZVQ2hlRWg4RE5ENlhhcQogICAgIC0tLS0tRU5EIENFUlRJRklDQVRFLS0tLS0KIC0gcGF0aDogIi9ldGMvc3NsL2NlcnRzL2NhLmNydCIKICAgcGVybWlzc2lvbnM6ICIwNjQ0IgogICBvd25lcjogInJvb3Q6cm9vdCIKIC0gcGF0aDogIi9ldGMvc3NsL2NlcnRzL2F0bGFzLmNydCIKICAgcGVybWlzc2lvbnM6ICIwNjAwIgogICBvd25lcjogInJvb3Q6cm9vdCIKICAgY29udGVudDogfAogICAgIC0tLS0tQkVHSU4gQ0VSVElGSUNBVEUtLS0tLQogICAgIE1JSURwRENDQVl3Q0FRRXdEUVlKS29aSWh2Y05BUUVMQlFBd1Z6RUxNQWtHQTFVRUJoTUNRMDR4Q3pBSkJnTlYKICAgICBCQWdNQWtOT01Rc3dDUVlEVlFRSERBSkNTakVMTUFrR0ExVUVDZ3dDUTA0eEN6QUpCZ05WQkFzTUFrTk9NUlF3CiAgICAgRWdZRFZRUUREQXRsY21samMzTnZiaTV6WlRBZUZ3MHhPREF5TURVd09UVTNNakZhRncweU9EQXlNRE13T1RVMwogICAgIE1qRmFNRjB4Q3pBSkJnTlZCQVlUQWtOT01Rc3dDUVlEVlFRSURBSkRUakVMTUFrR0ExVUVCd3dDUWtveEN6QUoKICAgICBCZ05WQkFvTUFrTk9NUXN3Q1FZRFZRUUxEQUpEVGpFYU1CZ0dBMVVFQXd3UllYUnNZWE11WlhKcFkzTnpiMjR1CiAgICAgYzJVd2daOHdEUVlKS29aSWh2Y05BUUVCQlFBRGdZMEFNSUdKQW9HQkFQQUZMNStQMDAwL3Bud2psTjBmY1JYQgogICAgIG15eDNCaHJaek1mQ0ZmU2FuZnVSMjYwL1cwVDhKVngvbHBjYkJzQmVrRS9iYUxRVzJ2VHNqNFd3eFBybjJsZ04KICAgICBPUjZkamdEaUM3NDhaS1JXQnVXVk8wNlJaZXhNNlZCS2hYdGRwUmoyTUZvTUQ1c3lQeStuY0RMNW8wOWhiU2k0CiAgICAgNno1VVBnZi8vRjYrVlRqdDlUMEJBZ01CQUFFd0RRWUpLb1pJaHZjTkFRRUxCUUFEZ2dJQkFEeElNeVFlRVhDdwogICAgIEFoeVRZT2Fwc3Bvc0d2cXE3UTFrQVFza1JvVVhialFUVW5NYytpQXhXUlpzejYrZmtPMkpwUjM1U0VlN29NOGQKICAgICB4Q3RSTjdYMEZZSitpYjZNR2tmQkxUUmhPWkdKSCs0dGVXZDNjOW5JWjNQVURVeTFIYWF6NWdTajFCTHhYMUJ0CiAgICAgcW5PRzVZT0x0dWIvMUJFQ3M1Y21Bc3ZiR0ZWVDdlZmNFQ01hQmoxRVZONXRFS1ZwRHhyVGdyUTRraHpZUGU1ZQogICAgIEMwYTh0cGszM3EwekRDOXB6Wnc0Zk04amJWMnRHSmUvazhMTDUzYWNMbzV3dG1ZOXZTb2x4a1N4WU5UL0ptUXYKICAgICBCd1JHUW9QUi9xbHVreUthLzR3SUQ1S25ySVdsa1NJK0JCNUptT3hTSU1Ja0M3MmRiQ0NrZDRucXhLenEvZ0J6CiAgICAgeU8reGd3dnJSUmxSOWRTZE84ckc5TjloSFIrUyt3U3ZCa1FvTEc4NGdOclA2VWdlRTNsSXp0bUlIVnpHWFpjQgogICAgIFJ1SWZoMG41UEZEeWtmSjZscll1cld4WGlzc1Bqc2ROLzN6a1p3d2RpeUxycWk0Ly9WNzR2eGs3SEx2cGRNbDcKICAgICB5SHRBV003TUFhTVJSZXVLSlplcEhXRFdoME5SMnUxTGRVSnZyNnQ5RVNia2UxU1lyK2FCUjlmQlJoSDJkS0tJCiAgICAgeDNyYWtWREdNM1pCcFpUZHhUd3dZanlIYmhieDlUYWovWlAzVVdqeDNSVmlVeXpHbktpY2tJNk0xSmt4M2JNbgogICAgIDYyekk2ZnpWamdCN2dXZzdpblJLNU9lclZHMDlGanNPc3ZmTFlDY2RWd3N3VjEwQVFtRWJzc2JKNVdWWXp4RnoKICAgICBPQnNDT2tEOFhJME1vQ0lrclZZZGd0SFRQblhzM3pTRQogICAgIC0tLS0tRU5EIENFUlRJRklDQVRFLS0tLS0KICAgICAtLS0tLUJFR0lOIFJTQSBQUklWQVRFIEtFWS0tLS0tCiAgICAgTUlJQ1hRSUJBQUtCZ1FEd0JTK2ZqOU5OUDZaOEk1VGRIM0VWd1pzc2R3WWEyY3pId2hYMG1wMzdrZHV0UDF0RQogICAgIC9DVmNmNWFYR3diQVhwQlAyMmkwRnRyMDdJK0ZzTVQ2NTlwWURUa2VuWTRBNGd1K1BHU2tWZ2JsbFR0T2tXWHMKICAgICBUT2xRU29WN1hhVVk5akJhREErYk1qOHZwM0F5K2FOUFlXMG91T3MrVkQ0SC8veGV2bFU0N2ZVOUFRSURBUUFCCiAgICAgQW9HQU5mSlVjOTZWdFlVYTNFZjdDNEFub0tZMVJGYzBMaERKOEJQMWIxYlpMMVBuTmhkSllrWHg5OHBOaElUMAogICAgIGpZUXpsMTlQTnpyejE1emIzVWFQMzMwQkc5M1Y2bElxdW9pMHZLVG9GbzBRYWJwT0xKamVLb1pmcjdycXkvNksKICAgICB6eFZib0UyWlpTVWhnS0d5VVpmdGRrZmd5U2wxYjRGN3dqcEdGZnA0Q0pSVmhDa0NRUUQrVGtIOVpWeFlCQ0lSCiAgICAgOGN4UzdnazU4anh1bFdxamhVSkVXdE51bUVuem0ydklOZDI5Y2VWL0d2cGptN1NQNm5sQmt5di9Ta1FZMlJiZQogICAgIGREVWkwZFV2QWtFQThaNlFKNGJjdURQTXpNS283YXMzbGlKVmFVcmVZNmtlZlViTGdQUlBYMFdNRExGNTZRODcKICAgICBTMnhIVWRCd1NPeUNLOFNBdnNWNHBpcjFSd3NmMzFUa3p3SkJBTU9UcUFpYlJaT2pTaGlHMzE4QUZqUnNhYkdhCiAgICAgVS9NQ2IxNW1nNmpRa2o4NXpvQ2hmTEZQd1BJcDYxdGp5ay9NUWdqK2lKM0RuZStHTmFKTHVQbllhcDBDUVFDSAogICAgIHg2Q2c1ZFBSbkNLQ0N2NWRtWE5DWm9iekJjVFY0cXNrb1kwcEthSVZHd01wK3U1VWYxL0Y4ZEplY3JFMitkbm8KICAgICArS09WRVduTWo2V0l5QUtnUVpmWEFrQTNNKytoVU45N0xFdVRjbTVsTDh5RWtvdGlOVjEvbVFXZnRYdWhnc2V0CiAgICAgWU50SWV4eElKTG13cjNqUlRUdzlWVkRRc2FLT21aTG05N3VuanpXNkptdVkKICAgICAtLS0tLUVORCBSU0EgUFJJVkFURSBLRVktLS0tLQogLSBwYXRoOiAiL3Vzci9sb2NhbC9iaW4vYXRsYXNfZW5kcG9pbnRzIgogICBwZXJtaXNzaW9uczogIjA3NTUiCiAgIG93bmVyOiAicm9vdDpyb290IgogICBjb250ZW50OiB8CiAgICAgIyEvYmluL2Jhc2gKICAgICAjIEhlYXQsIE92ZnQgYW5kIE1pc3RyYWwgZW5kcG9pbnQgY3JlYXRpb24gZmlsZQogICAgIAogICAgIFBVQkxJQ19IT1NUPSQxCiAgICAgSU5URVJOQUxfSE9TVD0kMgogICAgIFJFR0lPTl9OQU1FPVJlZ2lvbk9uZQogICAgIAogICAgIGRlY2xhcmUgLUEgc2VydmljZXM9KFsib3ZmdCIsMF09InRyYW5zbGF0b3IiIFsib3ZmdCIsMV09Ijg4ODgvdjEvXCQodGVuYW50X2lkKXMiKQogICAgIHNlcnZpY2VzKz0oWyJtaXN0cmFsIiwwXT0id29ya2Zsb3d2MiIgWyJtaXN0cmFsIiwxXT0iODk4OS92MiIpCiAgICAgc2VydmljZXMrPShbImhlYXQiLDBdPSJvcmNoZXN0cmF0aW9uIiBbImhlYXQiLDFdPSI4MDA0L3YxL1wkKHRlbmFudF9pZClzIikKICAgICBzZXJ2aWNlcys9KFsiaGVhdC1jZm4iLDBdPSJjbG91ZGZvcm1hdGlvbiIgWyJoZWF0LWNmbiIsMV09IjgwMDAvdjEvXCQodGVuYW50X2lkKXMiKQogICAgICMgUmVtb3ZlIHVud2FudGVkIHNlcnZpY2UgdXNpbmcgZm9sbG93aW5nIGNvbW1hbmQ6CiAgICAgIyBzZWQgLWkgIi9lbmFibGVkX3NlcnZpY2VzLiovIHMvXCJoZWF0XCIgXCJoZWF0LWNmblwiLy8iIC91c3IvbG9jYWwvYmluL2F0bGFzX2VuZHBvaW50cwogICAgIGVuYWJsZWRfc2VydmljZXM9KCJvdmZ0IiAibWlzdHJhbCIgImhlYXQiICJoZWF0LWNmbiIpCiAgICAgCiAgICAgY2xlYW51cF9lbmRwb2ludHMoKSB7CiAgICAgICAgIGZvciBlYWNoIGluICR7ZW5hYmxlZF9zZXJ2aWNlc1tAXX07IGRvCiAgICAgICAgICAgICBvcGVuc3RhY2sgc2VydmljZSBzaG93ICR7ZWFjaH0gMj4vZGV2L251bGwKICAgICAgICAgICAgIGlmIFsgJD8gLWVxIDAgXTsgdGhlbgogICAgICAgICAgICAgICAgIGVjaG8gIkRlbGV0aW5nIGV4aXN0aW5nICR7ZWFjaH0gZW5kcG9pbnQiCiAgICAgICAgICAgICAgICAgb3BlbnN0YWNrIGVuZHBvaW50IGRlbGV0ZSAkKG9wZW5zdGFjayBlbmRwb2ludCBsaXN0IHwgXAogICAgICAgICAgICAgICAgICAgICBncmVwICR7c2VydmljZXNbJHtlYWNofSwwXX0gfCBhd2sgJ3twcmludCAkMn0nKQogICAgICAgICAgICAgZWxzZQogICAgICAgICAgICAgICAgIG9wZW5zdGFjayBzZXJ2aWNlIGNyZWF0ZSAtLW5hbWU9JHtlYWNofSBcCiAgICAgICAgICAgICAgICAgICAgIC0tZGVzY3JpcHRpb249Ik9wZW5TdGFjayAke3NlcnZpY2VzWyR7ZWFjaH0sMF19IHNlcnZpY2UiIFwKICAgICAgICAgICAgICAgICAgICAgJHtzZXJ2aWNlc1ske2VhY2h9LDBdfQogICAgICAgICAgICAgZmkKICAgICAgICAgZG9uZQogICAgIH0KICAgICAKICAgICBjcmVhdGVfZW5kcG9pbnRzKCkgewogICAgICAgICBmb3IgZWFjaCBpbiAke2VuYWJsZWRfc2VydmljZXNbQF19OyBkbwogICAgICAgICAgICAgZWNobyAiQ3JlYXRpbmcgJHtlYWNofSBlbmRwb2ludHMiCiAgICAgICAgICAgICBvcGVuc3RhY2sgZW5kcG9pbnQgY3JlYXRlIFwKICAgICAgICAgICAgICAgICAkKG9wZW5zdGFjayBzZXJ2aWNlIGxpc3QgfCBhd2sgIi8gJHtzZXJ2aWNlc1ske2VhY2h9LDBdfSAvIHtwcmludCBcJDJ9IikgXAogICAgICAgICAgICAgICAgIC0tcHVibGljdXJsICJodHRwczovLyRQVUJMSUNfSE9TVDoke3NlcnZpY2VzWyR7ZWFjaH0sMV19IiBcCiAgICAgICAgICAgICAgICAgLS1hZG1pbnVybCAiaHR0cHM6Ly8kSU5URVJOQUxfSE9TVDoke3NlcnZpY2VzWyR7ZWFjaH0sMV19IiBcCiAgICAgICAgICAgICAgICAgLS1pbnRlcm5hbHVybCAiaHR0cHM6Ly8kSU5URVJOQUxfSE9TVDoke3NlcnZpY2VzWyR7ZWFjaH0sMV19IiBcCiAgICAgICAgICAgICAgICAgLS1yZWdpb24gJFJFR0lPTl9OQU1FCiAgICAgICAgIGRvbmUKICAgICB9CiAgICAgCiAgICAgY2xlYW51cF9lbmRwb2ludHNfdjMoKSB7CiAgICAgICAgIGZvciBlYWNoIGluICR7ZW5hYmxlZF9zZXJ2aWNlc1tAXX07IGRvCiAgICAgICAgICAgICBvcGVuc3RhY2sgc2VydmljZSBzaG93ICR7ZWFjaH0gMj4vZGV2L251bGwKICAgICAgICAgICAgIGlmIFsgJD8gLWVxIDAgXTsgdGhlbgogICAgICAgICAgICAgICAgIGVjaG8gIkRlbGV0aW5nIGV4aXN0aW5nICR7ZWFjaH0gZW5kcG9pbnQgdW5kZXIga2V5c3RvbmUgdjMiCiAgICAgICAgICAgICAgICAgZm9yIGogaW4gJChvcGVuc3RhY2sgZW5kcG9pbnQgbGlzdCB8IGdyZXAgJHtzZXJ2aWNlc1ske2VhY2h9LDBdfSB8IGF3ayAne3ByaW50ICQyfScpOyBkbwogICAgICAgICAgICAgICAgICAgICBvcGVuc3RhY2sgZW5kcG9pbnQgZGVsZXRlICRqCiAgICAgICAgICAgICAgICAgZG9uZQogICAgICAgICAgICAgZWxzZQogICAgICAgICAgICAgICAgIG9wZW5zdGFjayBzZXJ2aWNlIGNyZWF0ZSAtLW5hbWU9JHtlYWNofSBcCiAgICAgICAgICAgICAgICAgICAgIC0tZGVzY3JpcHRpb249Ik9wZW5TdGFjayAke3NlcnZpY2VzWyR7ZWFjaH0sMF19IHNlcnZpY2UiIFwKICAgICAgICAgICAgICAgICAgICAgJHtzZXJ2aWNlc1ske2VhY2h9LDBdfQogICAgICAgICAgICAgZmkKICAgICAgICAgZG9uZQogICAgIH0KICAgICAKICAgICBjcmVhdGVfZW5kcG9pbnRzX3YzKCkgewogICAgICAgICBsb2NhbCBzaWQ7CiAgICAgICAgIGZvciBlYWNoIGluICR7ZW5hYmxlZF9zZXJ2aWNlc1tAXX07IGRvCiAgICAgICAgICAgICBzaWQ9JChvcGVuc3RhY2sgc2VydmljZSBsaXN0IHwgYXdrICIvICR7c2VydmljZXNbJHtlYWNofSwwXX0gLyB7cHJpbnQgXCQyfSIpCiAgICAgICAgICAgICBlY2hvICJDcmVhdGluZyAke2VhY2h9IGVuZHBvaW50cyB1bmRlciBrZXlzdG9uZSB2MyIKICAgICAgICAgICAgIG9wZW5zdGFjayBlbmRwb2ludCBjcmVhdGUgLS1yZWdpb24gJFJFR0lPTl9OQU1FICR7c2lkfSBwdWJsaWMgImh0dHBzOi8vJFBVQkxJQ19IT1NUOiR7c2VydmljZXNbJHtlYWNofSwxXX0iOwogICAgICAgICAgICAgb3BlbnN0YWNrIGVuZHBvaW50IGNyZWF0ZSAtLXJlZ2lvbiAkUkVHSU9OX05BTUUgJHtzaWR9IGFkbWluICJodHRwczovLyRJTlRFUk5BTF9IT1NUOiR7c2VydmljZXNbJHtlYWNofSwxXX0iOwogICAgICAgICAgICAgb3BlbnN0YWNrIGVuZHBvaW50IGNyZWF0ZSAtLXJlZ2lvbiAkUkVHSU9OX05BTUUgJHtzaWR9IGludGVybmFsICJodHRwczovLyRJTlRFUk5BTF9IT1NUOiR7c2VydmljZXNbJHtlYWNofSwxXX0iOwogICAgICAgICBkb25lCiAgICAgfQogICAgIAogICAgIGlmIFsgIiR7T1NfSURFTlRJVFlfQVBJX1ZFUlNJT059IiA9PSAiMyIgXSA7IHRoZW4KICAgICAgICAgY2xlYW51cF9lbmRwb2ludHNfdjMKICAgICAgICAgY3JlYXRlX2VuZHBvaW50c192MwogICAgIGVsc2UKICAgICAgICAgY2xlYW51cF9lbmRwb2ludHMKICAgICAgICAgY3JlYXRlX2VuZHBvaW50cwogICAgIGZpCgpib290Y21kOgogLSBzZWQgLWkgInMvLipwdWJsaWMuY29udHJvbGxlci5sb2NhbC4qLzE5Mi4xNjguNTQuMTY0IGNpYy5lcmljc3Nvbi5zZS8iIC9ldGMvaG9zdHMKIC0gZ3JlcCAtcSAiMTkyLjE2OC41Ny4xNDcgYXRsYXMuZXJpY3Nzb24uc2UiIC9ldGMvaG9zdHMgfHwgc2VkIC1pICJzLy4qMTI3LjAuMC4xLiovMTI3LjAuMC4xIGxvY2FsaG9zdCBhdGxhc1xuMTkyLjE2OC41Ny4xNDcgYXRsYXMuZXJpY3Nzb24uc2UvIiAvZXRjL2hvc3RzCiAtIHNlZCAtaSAtZSAicy8uKk9TX0FVVEhfVVJMLiovZXhwb3J0IE9TX0FVVEhfVVJMPVwiaHR0cHM6XC9cL2NpYy5lcmljc3Nvbi5zZTo1MDAwXC92M1wiLyIgLWUgJy8uKk9TX0lERU5USVRZX0FQSV9WRVJTSU9OLiovZCcgLWUgJy8uKk9TX1VTRVJfRE9NQUlOX05BTUUuKi9kJyAtZSAnLy4qT1NfUFJPSkVDVF9ET01BSU5fTkFNRS4qL2QnIC9ob21lL2F0bGFzYWRtL29wZW5yYwogLSBzZWQgLWkgIi8uKk9TX0FVVEhfVVJMLiovYWV4cG9ydCBPU19JREVOVElUWV9BUElfVkVSU0lPTj1cIjNcIlxuZXhwb3J0IE9TX1VTRVJfRE9NQUlOX05BTUU9XCJkZWZhdWx0XCJcbmV4cG9ydCBPU19QUk9KRUNUX0RPTUFJTl9OQU1FPVwiZGVmYXVsdFwiIiAvaG9tZS9hdGxhc2FkbS9vcGVucmMKIC0gc2VkIC1pICJzLy4qT1NfUEFTU1dPUkQuKi9leHBvcnQgT1NfUEFTU1dPUkQ9YWRtaW4vIiAvaG9tZS9hdGxhc2FkbS9vcGVucmMKIC0gc2VkIC1pICJzLy4qT1NfVVNFUk5BTUUuKi9leHBvcnQgT1NfVVNFUk5BTUU9YWRtaW4vIiAvaG9tZS9hdGxhc2FkbS9vcGVucmMKIC0gc2VkIC1pICJzLy4qT1NfVEVOQU5UX05BTUUuKi9leHBvcnQgT1NfVEVOQU5UX05BTUU9YWRtaW4vIiAvaG9tZS9hdGxhc2FkbS9vcGVucmMKIC0gc2VkIC1pICJzL3B1YmxpYy5jb250cm9sbGVyLmxvY2FsL2NpYy5lcmljc3Nvbi5zZS9nIiAvZXRjL3B1cHBldC9oaWVyYWRhdGEvY29tbW9uLnlhbWwKIC0gc2VkIC1pICJzL3B1YmxpYy5hdGxhcy5sb2NhbC9hdGxhcy5lcmljc3Nvbi5zZS9nIiAvZXRjL3B1cHBldC9oaWVyYWRhdGEvY29tbW9uLnlhbWwKIC0gc2VkIC1pICJzL2h0dHAuKi9odHRwcy8iIC9ldGMvcHVwcGV0L2hpZXJhZGF0YS9jb21tb24ueWFtbAogLSBzZWQgLWkgInMvaHR0cDovaHR0cHM6LyIgL3Vzci9sb2NhbC9iaW4vYXRsYXNfZW5kcG9pbnRzCiAtIHNlZCAtaSAicy9PUEVOU1RBQ0tfSE9TVCA9LiovT1BFTlNUQUNLX0hPU1QgPSBcImNpYy5lcmljc3Nvbi5zZVwiLyIgL3Vzci9saWIvcHl0aG9uMi43L2Rpc3QtcGFja2FnZXMvb3BlbnN0YWNrX2Rhc2hib2FyZC9sb2NhbC9sb2NhbF9zZXR0aW5ncy5weQogLSBzZWQgLWkgInMvT1BFTlNUQUNLX0tFWVNUT05FX1VSTCA9IFwiaHR0cDovT1BFTlNUQUNLX0tFWVNUT05FX1VSTCA9IFwiaHR0cHM6LyIgL3Vzci9saWIvcHl0aG9uMi43L2Rpc3QtcGFja2FnZXMvb3BlbnN0YWNrX2Rhc2hib2FyZC9sb2NhbC9sb2NhbF9zZXR0aW5ncy5weQogLSBzZWQgLWkgInMvU1NMQ2lwaGVyU3VpdGUuKi9TU0xDaXBoZXJTdWl0ZSBFQ0RIRS1FQ0RTQS1BRVMxMjgtR0NNLVNIQTI1NjpFQ0RIRS1FQ0RTQS1BRVMyNTYtR0NNLVNIQTM4NDpFQ0RIRS1SU0EtQUVTMTI4LUdDTS1TSEEyNTY6RUNESEUtUlNBLUFFUzI1Ni1HQ00tU0hBMzg0LyIgL2V0Yy9hcGFjaGUyL21vZHMtYXZhaWxhYmxlL3NzbC5jb25mCiAtIHNlZCAtaSAicy9TU0xQcm90b2NvbC4qL1NTTFByb3RvY29sIFRMU3YxLjIvIiAvZXRjL2FwYWNoZTIvbW9kcy1hdmFpbGFibGUvc3NsLmNvbmYKIC0gc2VkIC1pICJzL1woJ2VuYWJsZV9yb3V0ZXInOlwpLiovXDEgVHJ1ZSwvIiAvdXNyL2xpYi9weXRob24yLjcvZGlzdC1wYWNrYWdlcy9vcGVuc3RhY2tfZGFzaGJvYXJkL2xvY2FsL2xvY2FsX3NldHRpbmdzLnB5CiAtIHNlZCAtaSAiL3NlcnZlciAxMjcuMTI3LjEuMC9kIiAvZXRjL250cC5jb25mCiAtIGZvciBpIGluIDE5Mi4xNjguNTEuMTkgMTkyLjE2OC41MS4xMTsgZG8gZWNobyAtbiAiXG5zZXJ2ZXIgJGkgYnVyc3QgaWJ1cnN0IiA+PiAvZXRjL250cC5jb25mOyBkb25lCiAtIGVjaG8gIm5hbWVzZXJ2ZXIgOC44LjQuNCIgPiAvZXRjL3Jlc29sdi5jb25mCiMgQWRkZWQgdGhpcyB0byBmaXggcmVzb2x2Y29uZiBpc3N1ZSBkdXJpbmcgYm9vdCBwcm9jZXNzCiAtIG12IC9ldGMvcmVzb2x2LmNvbmYgL3J1bi9yZXNvbHZjb25mL3Jlc29sdi5jb25mCiAtIGxuIC1zIC4uL3J1bi9yZXNvbHZjb25mL3Jlc29sdi5jb25mIC9ldGMvcmVzb2x2LmNvbmYKIC0gL29wdC9hdGxhcy9iaW4vYXRsYXMgdXBkYXRlLW5ldHdvcmsgMTkyLjE2OC41Ny4xNDcgMTkyLjE2OC41OC4xNTUgMTkyLjE2OC41Ny4xNDUgMTkyLjE2OC41OC4xNTMgMTkyLjE2OC41OC4xNTIvMjkgMTkyLjE2OC41NC4xNjAvMjcgMjU1LjI1NS4yNTUuMjQ4IDI1NS4yNTUuMjU1LjI0OAogLSAvb3B0L2F0bGFzL2Jpbi9hdGxhcyB1cGRhdGUtbmV0d29yayAxOTIuMTY4LjU3LjE0NyAxOTIuMTY4LjU4LjE1NSAxOTIuMTY4LjU3LjE0NSAxOTIuMTY4LjU4LjE1MyAxOTIuMTY4LjU4LjE1Mi8yOSAxOTIuMTY4LjU0LjE2MC8yNyAyNTUuMjU1LjI1NS4yNDggMjU1LjI1NS4yNTUuMjQ4IDIxMDA6OmMwYTg6Mzc5MyAyMTAwOjpjMGE4OjM4OWIgMjEwMDo6YzBhODozNzkxIDIxMDA6OmMwYTg6Mzg5OSAyMTAwOjpjMGE4OjM4OTgvMTI1IDIxMDA6OmMwYTg6MzZhMC8xMjMgMTI1IDEyNQogLSBzZWQgLWkgInMvaG9yaXpvbi5leGFtcGxlLmNvbS9hdGxhcy5lcmljc3Nvbi5zZS8iIC9ldGMvYXBhY2hlMi9jb25mLmQvYXRsYXMtZGFzaGJvYXJkLmNvbmYKIC0gc2VkIC1pICJzL1RJTUVfWk9ORSA9LiovVElNRV9aT05FID0gXCJBc2lhXC9TaGFuZ2hhaVwiLyIgL3Vzci9saWIvcHl0aG9uMi43L2Rpc3QtcGFja2FnZXMvb3BlbnN0YWNrX2Rhc2hib2FyZC9sb2NhbC9sb2NhbF9zZXR0aW5ncy5weQogLSBzZWQgLWkgInMvQkFDS1VQX1BBU1NXT1JEL2Q5YTIwZjg1LyIgL2V0Yy9jcm9udGFiCiAtIHNlZCAtaSAnJGkgcGFzc3dvcmQgYXRsYXNhZG0gcXdxd3F3JyAvZXRjL2dydWIuZC8wMV9ncnViX3Bhc3N3b3JkCiAtIHNlZCAtaSAicy8uKnJvb3RfcGFzc3dvcmQuKi8gIFwkcm9vdF9wYXNzd29yZCAgICAgICAgICA9ICdxd3F3cXcnLyIgL2V0Yy9wdXBwZXQvbW9kdWxlcy9teXNxbC9tYW5pZmVzdHMvcGFyYW1zLnBwCiAtIHNlZCAtaSAicy8uKkJNX01ZU1FMX0FETUlOUEFTUy4qL2V4cG9ydCBCTV9NWVNRTF9BRE1JTlBBU1M9XCJxd3F3cXdcIi8iIC9ldGMvYmFja3VwLW1hbmFnZXIuY29uZgogLSBbIC9iaW4vYmFzaCwgLWMsICd1cGRhdGUtZ3J1YicgXQogLSBbIC9iaW4vYmFzaCwgLWMsICIvb3B0L2F0bGFzL2Jpbi9hdGxhcyB1cGRhdGUtaGFwcm94eSAxOTIuMTY4LjU3LjE0NyAxOTIuMTY4LjU4LjE1NSAyMTAwOjpjMGE4OjM3OTMgMjEwMDo6YzBhODozODliIiBdCiAtIFsgL2Jpbi9iYXNoLCAtYywgInNlZCAtaSBcInMvPFNTTENpcGhlclN1aXRlPi9FQ0RIRS1FQ0RTQS1BRVMxMjgtR0NNLVNIQTI1NjpFQ0RIRS1FQ0RTQS1BRVMyNTYtR0NNLVNIQTM4NDpFQ0RIRS1SU0EtQUVTMTI4LUdDTS1TSEEyNTY6RUNESEUtUlNBLUFFUzI1Ni1HQ00tU0hBMzg0L1wiIC9ldGMvaGFwcm94eS9oYXByb3h5LmNmZyIgXQogLSBbIC9iaW4vYmFzaCwgLWMsICJzZWQgLWkgXCJzLzxIQVByb3h5U1NMUHJvdG9jb2w+L25vLXNzbHYzIG5vLXRsc3YxMCBuby10bHN2MTEvXCIgL2V0Yy9oYXByb3h5L2hhcHJveHkuY2ZnIiBdCiAtIFsgL2Jpbi9iYXNoLCAtYywgInNlZCAtaSBcInMvPEhBUHJveHlTU0xDb25uPi80MC9cIiAvZXRjL2hhcHJveHkvaGFwcm94eS5jZmciIF0KIC0gWyAvYmluL2Jhc2gsIC1jLCAic2VydmljZSBoYXByb3h5IHJlc3RhcnQiIF0KCnJ1bmNtZDoKIyBFbmFibGUgTkJJIGxvZ2luL2NvbW11bmljYXRpb24gZnJvbSBvdXRzaWRlCiAtIFsgL2Jpbi9iYXNoLCAtYywgJ3RpbWVkYXRlY3RsIHNldC10aW1lem9uZSBBc2lhL1NoYW5naGFpJyBdCiAtIFsgL2Jpbi9iYXNoLCAtYywgInNlcnZpY2UgcnN5c2xvZyByZXN0YXJ0IiBdCiAtIFsgc2gsIC14YywgImlwdGFibGVzIC1pIGV0aDAgLUEgSU5QVVQgLXMgMTkyLjE2OC41NC4xNjAvMjcgLWogRFJPUDtpcHRhYmxlcyAtSSBJTlBVVCAtcyAxOTIuMTY4LjU0LjE2NCAtaiBBQ0NFUFQ7IGlwdGFibGVzLXNhdmUgPiAvZXRjL2lwdGFibGVzL3J1bGVzLnY0IiBdCiAtIFsgL2Jpbi9iYXNoLCAtYywgImVjaG8gLWUgJyMhL2Jpbi9zaFxuXG5pcHRhYmxlcy1yZXN0b3JlIDwgL2V0Yy9pcHRhYmxlcy9ydWxlcy52NFxuZXhpdCAwJyA+IC9ldGMvbmV0d29yay9pZi1wcmUtdXAuZC9pcHRhYmxlc2xvYWQiIF0KIC0gWyBzaCwgLXhjLCAiY2htb2QgK3ggL2V0Yy9uZXR3b3JrL2lmLXByZS11cC5kL2lwdGFibGVzbG9hZCIgXQogLSBbIC9iaW4vYmFzaCwgLWMsICdjaG1vZCBvZy1yd3ggL2V0Yy9zc2gvc3NoZF9jb25maWcnIF0KIC0gWyAvYmluL2Jhc2gsIC1jLCAnL29wdC9hdGxhcy9iaW4vYXRsYXMgdXBkYXRlLWNlcnQgLS1hdGxhcyAiL2V0Yy9zc2wvY2VydHMvYXRsYXMuY3J0IiAtLWNlZSAiL2V0Yy9zc2wvY2VydHMvYXRsYXMtY2EuY3J0IicgXQogLSBbIC9iaW4vYmFzaCwgLWMsICJlY2hvIHF3cXdxdyB8IHN1ZG8gLVMgIGJhc2ggLWMgICdjYXQgL2V0Yy9oYXByb3h5L2NvbmYuZC8qLmNmZyA+PiAvZXRjL2hhcHJveHkvaGFwcm94eS5jZmcnIiBdCiAtIFsgL2Jpbi9iYXNoLCAtYywgJy9vcHQvYXRsYXMvYmluL2F0bGFzIHVwZGF0ZS1oYXByb3h5IDE5Mi4xNjguNTcuMTQ3IDE5Mi4xNjguNTguMTU1JyBdCiAtIFsgL2Jpbi9iYXNoLCAtYywgJ3NlZCAtaSAicy88U1NMQ2lwaGVyU3VpdGU+L0VDREhFLUVDRFNBLUFFUzEyOC1HQ00tU0hBMjU2OkVDREhFLUVDRFNBLUFFUzI1Ni1HQ00tU0hBMzg0OkVDREhFLVJTQS1BRVMxMjgtR0NNLVNIQTI1NjpFQ0RIRS1SU0EtQUVTMjU2LUdDTS1TSEEzODQvIiAvZXRjL2hhcHJveHkvaGFwcm94eS5jZmcnIF0KIC0gWyAvYmluL2Jhc2gsIC1jLCAnc2VkIC1pICJzLzxIQVByb3h5U1NMUHJvdG9jb2w+L25vLXNzbHYzIG5vLXRsc3YxMCBuby10bHN2MTEvIiAvZXRjL2hhcHJveHkvaGFwcm94eS5jZmcnIF0KIC0gWyAvYmluL2Jhc2gsIC1jLCAnc2VkIC1pICJzLzxIQVByb3h5U1NMQ29ubj4vNDAvIiAvZXRjL2hhcHJveHkvaGFwcm94eS5jZmcnIF0KIC0gWyAvYmluL2Jhc2gsIC1jLCAic2VydmljZSBoYXByb3h5IHJlc3RhcnQiIF0KIC0gWyAvYmluL2Jhc2gsIC1jLCAiZWNobyAtZSAnLWUgMicgPj4gL2V0Yy9hdWRpdC9ydWxlcy5kL2F1ZGl0LnJ1bGVzIiBdCiAtIFsgL2Jpbi9iYXNoLCAtYywgInNlcnZpY2UgYXVkaXRkIHJlc3RhcnQiIF0KIC0gWyAvYmluL2Jhc2gsIC1jLCAnL3Vzci9sb2NhbC9zYmluL2dlbmVyYXRlLXBhc3N3b3JkcyAmJiAvdXNyL2xvY2FsL3NiaW4vYXBwbHktY29uZiAmJiAvdXNyL3NiaW4vc2VydmljZSBhcGFjaGUyIHJlc3RhcnQnIF0KIC0gWyAvYmluL2Jhc2gsIC1jLCAiYXRsYXMgZGlzYWJsZS1oZWF0IGZhbHNlIiBdCiAtIFsgc2gsIC14YywgInNvdXJjZSAvaG9tZS9hdGxhc2FkbS9vcGVucmM7L29wdC9hdGxhcy9iaW4vYXRsYXMgdXNlci1pbml0Oy9vcHQvYXRsYXMvYmluL2F0bGFzIGVuZHBvaW50LWluaXQgLS1ob3N0IGF0bGFzLmVyaWNzc29uLnNlIGF0bGFzLmVyaWNzc29uLnNlIiBdCg==", "OS-EXT-STS:task_state": null, "OS-EXT-STS:vm_state": "active", "OS-EXT-SRV-ATTR:instance_name": "instance-00000025", "OS-EXT-SRV-ATTR:root_device_name": "/dev/vda", "OS-SRV-USG:launched_at": "2018-11-14T03:23:43.000000", "locked": false, "flavor": {"id": "269c9ba2-aa73-4981-a033-de306345be33", "links": [{"href": "http://[fd00::c0a8:3418]:8774/flavors/269c9ba2-aa73-4981-a033-de306345be33", "rel": "bookmark"}]}, "id": "7a713b90-dbee-4825-839c-ddd41d4717d7", "security_groups": [{"name": "atlas_allow_ipv4"}, {"name": "atlas_allow_ipv4"}], "scheduler_hints": {}, "OS-EXT-SRV-ATTR:kernel_id": "", "host_status": "UP", "OS-EXT-AZ:availability_zone": "nova", "user_id": "5cea69bf891a4ce4b39479659f5f89e5", "name": "atlas_vm", "OS-EXT-SRV-ATTR:launch_index": 0, "created": "2018-11-14T03:23:13Z", "tenant_id": "ce3ddd6b8823409c92ceaa8ac6e40963", "description": null, "OS-DCF:diskConfig": "MANUAL", "OS-EXT-SRV-ATTR:hypervisor_hostname": "compute-4-2.domain.tld", "os-extended-volumes:volumes_attached": [], "accessIPv4": "", "accessIPv6": "", "OS-EXT-SRV-ATTR:reservation_id": "r-ibtj76r5", "OS-EXT-SRV-ATTR:hostname": "atlas-vm", "progress": 0, "OS-EXT-STS:power_state": 1, "config_drive": "True", "OS-SRV-USG:terminated_at": null, "metadata": {"ha-policy": "managed-on-host"}}, {"status": "SHUTOFF", "OS-EXT-SRV-ATTR:ramdisk_id": "", "updated": "2018-11-16T01:12:40Z", "hostId": "ed1672c0c579904b74a3c24999009613cc4f9af028b6a826366e0f29", "OS-EXT-SRV-ATTR:host": "compute-4-2.domain.tld", "addresses": {"tenant_58": [{"OS-EXT-IPS-MAC:mac_addr": "fa:16:3e:fd:37:88", "version": 4, "addr": "192.168.58.154", "OS-EXT-IPS:type": "fixed"}]}, "links": [{"href": "http://[fd00::c0a8:3418]:8774/v2.1/servers/33f09f21-fe55-4f40-8223-43e0d44f7e60", "rel": "self"}, {"href": "http://[fd00::c0a8:3418]:8774/servers/33f09f21-fe55-4f40-8223-43e0d44f7e60", "rel": "bookmark"}], "key_name": null, "image": {"id": "ef4fbf7e-e417-4838-ba4e-41a607ba04e0", "links": [{"href": "http://[fd00::c0a8:3418]:8774/images/ef4fbf7e-e417-4838-ba4e-41a607ba04e0", "rel": "bookmark"}]}, "OS-EXT-SRV-ATTR:user_data": null, "OS-EXT-STS:task_state": null, "OS-EXT-STS:vm_state": "stopped", "OS-EXT-SRV-ATTR:instance_name": "instance-00000024", "OS-EXT-SRV-ATTR:root_device_name": "/dev/vda", "OS-SRV-USG:launched_at": "2018-11-13T14:30:07.000000", "locked": false, "flavor": {"id": "2", "links": [{"href": "http://[fd00::c0a8:3418]:8774/flavors/2", "rel": "bookmark"}]}, "id": "33f09f21-fe55-4f40-8223-43e0d44f7e60", "security_groups": [{"name": "default"}], "scheduler_hints": {}, "OS-EXT-SRV-ATTR:kernel_id": "", "host_status": "UP", "OS-EXT-AZ:availability_zone": "nova", "user_id": "5cea69bf891a4ce4b39479659f5f89e5", "name": "testmgmtvm", "OS-EXT-SRV-ATTR:launch_index": 0, "created": "2018-11-13T14:29:59Z", "tenant_id": "ce3ddd6b8823409c92ceaa8ac6e40963", "description": null, "OS-DCF:diskConfig": "MANUAL", "OS-EXT-SRV-ATTR:hypervisor_hostname": "compute-4-2.domain.tld", "os-extended-volumes:volumes_attached": [], "accessIPv4": "", "accessIPv6": "", "OS-EXT-SRV-ATTR:reservation_id": "r-me390vwx", "OS-EXT-SRV-ATTR:hostname": "testmgmtvm", "OS-EXT-STS:power_state": 4, "config_drive": "True", "OS-SRV-USG:terminated_at": null, "metadata": {}}, {"status": "ACTIVE", "OS-EXT-SRV-ATTR:ramdisk_id": "", "updated": "2018-12-25T06:47:17Z", "hostId": "ed1672c0c579904b74a3c24999009613cc4f9af028b6a826366e0f29", "OS-EXT-SRV-ATTR:host": "compute-4-2.domain.tld", "addresses": {"test-2900": [{"OS-EXT-IPS-MAC:mac_addr": "fa:16:3e:8c:3a:92", "version": 4, "addr": "10.0.29.17", "OS-EXT-IPS:type": "fixed"}]}, "links": [{"href": "http://[fd00::c0a8:3418]:8774/v2.1/servers/85ab9824-8a74-4cab-b73a-ec1a3559ca49", "rel": "self"}, {"href": "http://[fd00::c0a8:3418]:8774/servers/85ab9824-8a74-4cab-b73a-ec1a3559ca49", "rel": "bookmark"}], "key_name": null, "image": {"id": "ef4fbf7e-e417-4838-ba4e-41a607ba04e0", "links": [{"href": "http://[fd00::c0a8:3418]:8774/images/ef4fbf7e-e417-4838-ba4e-41a607ba04e0", "rel": "bookmark"}]}, "OS-EXT-SRV-ATTR:user_data": null, "OS-EXT-STS:task_state": null, "OS-EXT-STS:vm_state": "active", "OS-EXT-SRV-ATTR:instance_name": "instance-0000001b", "OS-EXT-SRV-ATTR:root_device_name": "/dev/vda", "OS-SRV-USG:launched_at": "2018-10-26T03:01:58.000000", "locked": false, "flavor": {"id": "3", "links": [{"href": "http://[fd00::c0a8:3418]:8774/flavors/3", "rel": "bookmark"}]}, "id": "85ab9824-8a74-4cab-b73a-ec1a3559ca49", "security_groups": [{"name": "default"}], "scheduler_hints": {}, "OS-EXT-SRV-ATTR:kernel_id": "", "host_status": "UP", "OS-EXT-AZ:availability_zone": "nova", "user_id": "5cea69bf891a4ce4b39479659f5f89e5", "name": "testvm5", "OS-EXT-SRV-ATTR:launch_index": 0, "created": "2018-10-26T03:01:50Z", "tenant_id": "ce3ddd6b8823409c92ceaa8ac6e40963", "description": null, "OS-DCF:diskConfig": "MANUAL", "OS-EXT-SRV-ATTR:hypervisor_hostname": "compute-4-2.domain.tld", "os-extended-volumes:volumes_attached": [], "accessIPv4": "", "accessIPv6": "", "OS-EXT-SRV-ATTR:reservation_id": "r-av78l2th", "OS-EXT-SRV-ATTR:hostname": "testvm5", "progress": 0, "OS-EXT-STS:power_state": 1, "config_drive": "True", "OS-SRV-USG:terminated_at": null, "metadata": {}}, {"status": "SHUTOFF", "OS-EXT-SRV-ATTR:ramdisk_id": "", "updated": "2018-12-25T03:32:35Z", "hostId": "ed1672c0c579904b74a3c24999009613cc4f9af028b6a826366e0f29", "OS-EXT-SRV-ATTR:host": "compute-4-2.domain.tld", "addresses": {"test-2900": [{"OS-EXT-IPS-MAC:mac_addr": "fa:16:3e:11:fd:2f", "version": 4, "addr": "10.0.29.16", "OS-EXT-IPS:type": "fixed"}]}, "links": [{"href": "http://[fd00::c0a8:3418]:8774/v2.1/servers/78c2d444-3095-41d3-8278-5db33d79b83c", "rel": "self"}, {"href": "http://[fd00::c0a8:3418]:8774/servers/78c2d444-3095-41d3-8278-5db33d79b83c", "rel": "bookmark"}], "key_name": null, "image": {"id": "ef4fbf7e-e417-4838-ba4e-41a607ba04e0", "links": [{"href": "http://[fd00::c0a8:3418]:8774/images/ef4fbf7e-e417-4838-ba4e-41a607ba04e0", "rel": "bookmark"}]}, "OS-EXT-SRV-ATTR:user_data": null, "OS-EXT-STS:task_state": null, "OS-EXT-STS:vm_state": "stopped", "OS-EXT-SRV-ATTR:instance_name": "instance-0000001a", "OS-EXT-SRV-ATTR:root_device_name": "/dev/vda", "OS-SRV-USG:launched_at": "2018-10-26T03:01:50.000000", "locked": false, "flavor": {"id": "3", "links": [{"href": "http://[fd00::c0a8:3418]:8774/flavors/3", "rel": "bookmark"}]}, "id": "78c2d444-3095-41d3-8278-5db33d79b83c", "security_groups": [{"name": "default"}], "scheduler_hints": {}, "OS-EXT-SRV-ATTR:kernel_id": "", "host_status": "UP", "OS-EXT-AZ:availability_zone": "nova", "user_id": "5cea69bf891a4ce4b39479659f5f89e5", "name": "testvm4", "OS-EXT-SRV-ATTR:launch_index": 0, "created": "2018-10-26T03:01:45Z", "tenant_id": "ce3ddd6b8823409c92ceaa8ac6e40963", "description": null, "OS-DCF:diskConfig": "MANUAL", "OS-EXT-SRV-ATTR:hypervisor_hostname": "compute-4-2.domain.tld", "os-extended-volumes:volumes_attached": [], "accessIPv4": "", "accessIPv6": "", "OS-EXT-SRV-ATTR:reservation_id": "r-teui8vzv", "OS-EXT-SRV-ATTR:hostname": "testvm4", "OS-EXT-STS:power_state": 4, "config_drive": "True", "OS-SRV-USG:terminated_at": null, "metadata": {}}, {"status": "SHUTOFF", "OS-EXT-SRV-ATTR:ramdisk_id": "", "updated": "2018-11-04T06:51:17Z", "hostId": "ed1672c0c579904b74a3c24999009613cc4f9af028b6a826366e0f29", "OS-EXT-SRV-ATTR:host": "compute-4-2.domain.tld", "addresses": {"test-2900": [{"OS-EXT-IPS-MAC:mac_addr": "fa:16:3e:f3:6f:4c", "version": 4, "addr": "10.0.29.15", "OS-EXT-IPS:type": "fixed"}]}, "links": [{"href": "http://[fd00::c0a8:3418]:8774/v2.1/servers/d7b07106-9380-444e-b354-e44571837da2", "rel": "self"}, {"href": "http://[fd00::c0a8:3418]:8774/servers/d7b07106-9380-444e-b354-e44571837da2", "rel": "bookmark"}], "key_name": null, "image": {"id": "ef4fbf7e-e417-4838-ba4e-41a607ba04e0", "links": [{"href": "http://[fd00::c0a8:3418]:8774/images/ef4fbf7e-e417-4838-ba4e-41a607ba04e0", "rel": "bookmark"}]}, "OS-EXT-SRV-ATTR:user_data": null, "OS-EXT-STS:task_state": null, "OS-EXT-STS:vm_state": "stopped", "OS-EXT-SRV-ATTR:instance_name": "instance-00000019", "OS-EXT-SRV-ATTR:root_device_name": "/dev/vda", "OS-SRV-USG:launched_at": "2018-10-26T03:01:33.000000", "locked": false, "flavor": {"id": "3", "links": [{"href": "http://[fd00::c0a8:3418]:8774/flavors/3", "rel": "bookmark"}]}, "id": "d7b07106-9380-444e-b354-e44571837da2", "security_groups": [{"name": "default"}], "scheduler_hints": {}, "OS-EXT-SRV-ATTR:kernel_id": "", "host_status": "UP", "OS-EXT-AZ:availability_zone": "nova", "user_id": "5cea69bf891a4ce4b39479659f5f89e5", "name": "testvm3", "OS-EXT-SRV-ATTR:launch_index": 0, "created": "2018-10-26T03:01:26Z", "tenant_id": "ce3ddd6b8823409c92ceaa8ac6e40963", "description": null, "OS-DCF:diskConfig": "MANUAL", "OS-EXT-SRV-ATTR:hypervisor_hostname": "compute-4-2.domain.tld", "os-extended-volumes:volumes_attached": [], "accessIPv4": "", "accessIPv6": "", "OS-EXT-SRV-ATTR:reservation_id": "r-q9vs9s0q", "OS-EXT-SRV-ATTR:hostname": "testvm3", "OS-EXT-STS:power_state": 4, "config_drive": "True", "OS-SRV-USG:terminated_at": null, "metadata": {}}, {"status": "SHUTOFF", "OS-EXT-SRV-ATTR:ramdisk_id": "", "updated": "2018-11-04T06:51:17Z", "hostId": "ed1672c0c579904b74a3c24999009613cc4f9af028b6a826366e0f29", "OS-EXT-SRV-ATTR:host": "compute-4-2.domain.tld", "addresses": {"test-2900": [{"OS-EXT-IPS-MAC:mac_addr": "fa:16:3e:eb:3f:19", "version": 4, "addr": "10.0.29.14", "OS-EXT-IPS:type": "fixed"}]}, "links": [{"href": "http://[fd00::c0a8:3418]:8774/v2.1/servers/e96293e9-ad26-41de-847a-f8f4c25c7eeb", "rel": "self"}, {"href": "http://[fd00::c0a8:3418]:8774/servers/e96293e9-ad26-41de-847a-f8f4c25c7eeb", "rel": "bookmark"}], "key_name": null, "image": {"id": "ef4fbf7e-e417-4838-ba4e-41a607ba04e0", "links": [{"href": "http://[fd00::c0a8:3418]:8774/images/ef4fbf7e-e417-4838-ba4e-41a607ba04e0", "rel": "bookmark"}]}, "OS-EXT-SRV-ATTR:user_data": null, "OS-EXT-STS:task_state": null, "OS-EXT-STS:vm_state": "stopped", "OS-EXT-SRV-ATTR:instance_name": "instance-00000018", "OS-EXT-SRV-ATTR:root_device_name": "/dev/vda", "OS-SRV-USG:launched_at": "2018-10-25T09:06:47.000000", "locked": false, "flavor": {"id": "3", "links": [{"href": "http://[fd00::c0a8:3418]:8774/flavors/3", "rel": "bookmark"}]}, "id": "e96293e9-ad26-41de-847a-f8f4c25c7eeb", "security_groups": [{"name": "default"}], "scheduler_hints": {}, "OS-EXT-SRV-ATTR:kernel_id": "", "host_status": "UP", "OS-EXT-AZ:availability_zone": "nova", "user_id": "5cea69bf891a4ce4b39479659f5f89e5", "name": "testvm2", "OS-EXT-SRV-ATTR:launch_index": 0, "created": "2018-10-25T09:06:39Z", "tenant_id": "ce3ddd6b8823409c92ceaa8ac6e40963", "description": null, "OS-DCF:diskConfig": "MANUAL", "OS-EXT-SRV-ATTR:hypervisor_hostname": "compute-4-2.domain.tld", "os-extended-volumes:volumes_attached": [], "accessIPv4": "", "accessIPv6": "", "OS-EXT-SRV-ATTR:reservation_id": "r-qg6btr3c", "OS-EXT-SRV-ATTR:hostname": "testvm2", "OS-EXT-STS:power_state": 4, "config_drive": "True", "OS-SRV-USG:terminated_at": null, "metadata": {}}, {"status": "ACTIVE", "OS-EXT-SRV-ATTR:ramdisk_id": "", "updated": "2018-12-25T06:24:42Z", "hostId": "ed1672c0c579904b74a3c24999009613cc4f9af028b6a826366e0f29", "OS-EXT-SRV-ATTR:host": "compute-4-2.domain.tld", "addresses": {"test-2900": [{"OS-EXT-IPS-MAC:mac_addr": "fa:16:3e:85:7a:2a", "version": 4, "addr": "10.0.29.13", "OS-EXT-IPS:type": "fixed"}]}, "links": [{"href": "http://[fd00::c0a8:3418]:8774/v2.1/servers/b1cce545-d598-41c6-8766-c3af879f9e4b", "rel": "self"}, {"href": "http://[fd00::c0a8:3418]:8774/servers/b1cce545-d598-41c6-8766-c3af879f9e4b", "rel": "bookmark"}], "key_name": null, "image": {"id": "ef4fbf7e-e417-4838-ba4e-41a607ba04e0", "links": [{"href": "http://[fd00::c0a8:3418]:8774/images/ef4fbf7e-e417-4838-ba4e-41a607ba04e0", "rel": "bookmark"}]}, "OS-EXT-SRV-ATTR:user_data": null, "OS-EXT-STS:task_state": null, "OS-EXT-STS:vm_state": "active", "OS-EXT-SRV-ATTR:instance_name": "instance-00000017", "OS-EXT-SRV-ATTR:root_device_name": "/dev/vda", "OS-SRV-USG:launched_at": "2018-10-25T07:21:20.000000", "locked": false, "flavor": {"id": "3", "links": [{"href": "http://[fd00::c0a8:3418]:8774/flavors/3", "rel": "bookmark"}]}, "id": "b1cce545-d598-41c6-8766-c3af879f9e4b", "security_groups": [{"name": "default"}], "scheduler_hints": {}, "OS-EXT-SRV-ATTR:kernel_id": "", "host_status": "UP", "OS-EXT-AZ:availability_zone": "nova", "user_id": "5cea69bf891a4ce4b39479659f5f89e5", "name": "testvm1", "OS-EXT-SRV-ATTR:launch_index": 0, "created": "2018-10-25T07:21:15Z", "tenant_id": "ce3ddd6b8823409c92ceaa8ac6e40963", "description": null, "OS-DCF:diskConfig": "MANUAL", "OS-EXT-SRV-ATTR:hypervisor_hostname": "compute-4-2.domain.tld", "os-extended-volumes:volumes_attached": [], "accessIPv4": "", "accessIPv6": "", "OS-EXT-SRV-ATTR:reservation_id": "r-mji2w0wz", "OS-EXT-SRV-ATTR:hostname": "testvm1", "progress": 0, "OS-EXT-STS:power_state": 1, "config_drive": "True", "OS-SRV-USG:terminated_at": null, "metadata": {}}, {"status": "SHUTOFF", "OS-EXT-SRV-ATTR:ramdisk_id": "", "updated": "2018-11-04T06:51:25Z", "hostId": "835b95f424e5c51e9ac9eaac2f0a4e541bdc145897717c6848ea6d6f", "OS-EXT-SRV-ATTR:host": "compute-4-1.domain.tld", "addresses": {"test-2900": [{"OS-EXT-IPS-MAC:mac_addr": "fa:16:3e:a3:53:22", "version": 4, "addr": "10.0.29.12", "OS-EXT-IPS:type": "fixed"}]}, "links": [{"href": "http://[fd00::c0a8:3418]:8774/v2.1/servers/38a8eabe-a147-4336-a775-ff6c3dfc5071", "rel": "self"}, {"href": "http://[fd00::c0a8:3418]:8774/servers/38a8eabe-a147-4336-a775-ff6c3dfc5071", "rel": "bookmark"}], "key_name": null, "image": {"id": "ef4fbf7e-e417-4838-ba4e-41a607ba04e0", "links": [{"href": "http://[fd00::c0a8:3418]:8774/images/ef4fbf7e-e417-4838-ba4e-41a607ba04e0", "rel": "bookmark"}]}, "OS-EXT-SRV-ATTR:user_data": null, "OS-EXT-STS:task_state": null, "OS-EXT-STS:vm_state": "stopped", "OS-EXT-SRV-ATTR:instance_name": "instance-00000014", "OS-EXT-SRV-ATTR:root_device_name": "/dev/vda", "OS-SRV-USG:launched_at": "2018-10-25T06:32:09.000000", "locked": false, "flavor": {"id": "3", "links": [{"href": "http://[fd00::c0a8:3418]:8774/flavors/3", "rel": "bookmark"}]}, "id": "38a8eabe-a147-4336-a775-ff6c3dfc5071", "security_groups": [{"name": "default"}], "scheduler_hints": {}, "OS-EXT-SRV-ATTR:kernel_id": "", "host_status": "UP", "OS-EXT-AZ:availability_zone": "nova", "user_id": "5cea69bf891a4ce4b39479659f5f89e5", "name": "qwe2", "OS-EXT-SRV-ATTR:launch_index": 0, "created": "2018-10-25T06:31:59Z", "tenant_id": "ce3ddd6b8823409c92ceaa8ac6e40963", "description": null, "OS-DCF:diskConfig": "MANUAL", "OS-EXT-SRV-ATTR:hypervisor_hostname": "compute-4-1.domain.tld", "os-extended-volumes:volumes_attached": [], "accessIPv4": "", "accessIPv6": "", "OS-EXT-SRV-ATTR:reservation_id": "r-0itpmgej", "OS-EXT-SRV-ATTR:hostname": "qwe2", "OS-EXT-STS:power_state": 4, "config_drive": "True", "OS-SRV-USG:terminated_at": null, "metadata": {}}]}

+--------------------------------------+------------+---------+------------+-------------+----------------------------------------------------+
| ID                                   | Name       | Status  | Task State | Power State | Networks                                           |
+--------------------------------------+------------+---------+------------+-------------+----------------------------------------------------+
| 7a713b90-dbee-4825-839c-ddd41d4717d7 | atlas_vm   | ACTIVE  | -          | Running     | tenant_58=192.168.58.155; tenant_57=192.168.57.147 |
| 38a8eabe-a147-4336-a775-ff6c3dfc5071 | qwe2       | SHUTOFF | -          | Shutdown    | test-2900=10.0.29.12                               |
| 19532915-00a4-456d-8928-077433e4fc40 | test123    | ACTIVE  | -          | Running     | tenant_58=192.168.58.156                           |
| 3e6db0f3-9b93-4fed-af23-d7cefd650359 | test234    | ACTIVE  | -          | Running     | tenant_57=192.168.57.146                           |
| 12e9d79d-f10d-419f-856c-8e71d52e7e66 | test345    | SHUTOFF | -          | Shutdown    | tenant_57=192.168.57.148                           |
| 33f09f21-fe55-4f40-8223-43e0d44f7e60 | testmgmtvm | SHUTOFF | -          | Shutdown    | tenant_58=192.168.58.154                           |
| b1cce545-d598-41c6-8766-c3af879f9e4b | testvm1    | ACTIVE  | -          | Running     | test-2900=10.0.29.13                               |
| e96293e9-ad26-41de-847a-f8f4c25c7eeb | testvm2    | SHUTOFF | -          | Shutdown    | test-2900=10.0.29.14                               |
| d7b07106-9380-444e-b354-e44571837da2 | testvm3    | SHUTOFF | -          | Shutdown    | test-2900=10.0.29.15                               |
| 78c2d444-3095-41d3-8278-5db33d79b83c | testvm4    | SHUTOFF | -          | Shutdown    | test-2900=10.0.29.16                               |
| 85ab9824-8a74-4cab-b73a-ec1a3559ca49 | testvm5    | ACTIVE  | -          | Running     | test-2900=10.0.29.17                               |
+--------------------------------------+------------+---------+------------+-------------+----------------------------------------------------+
root@cic-1:~# nova list
+--------------------------------------+------------+---------+------------+-------------+----------------------------------------------------+
| ID                                   | Name       | Status  | Task State | Power State | Networks                                           |
+--------------------------------------+------------+---------+------------+-------------+----------------------------------------------------+
| 7a713b90-dbee-4825-839c-ddd41d4717d7 | atlas_vm   | ACTIVE  | -          | Running     | tenant_58=192.168.58.155; tenant_57=192.168.57.147 |
| 38a8eabe-a147-4336-a775-ff6c3dfc5071 | qwe2       | SHUTOFF | -          | Shutdown    | test-2900=10.0.29.12                               |
| 19532915-00a4-456d-8928-077433e4fc40 | test123    | ACTIVE  | -          | Running     | tenant_58=192.168.58.156                           |
| 3e6db0f3-9b93-4fed-af23-d7cefd650359 | test234    | ACTIVE  | -          | Running     | tenant_57=192.168.57.146                           |
| 12e9d79d-f10d-419f-856c-8e71d52e7e66 | test345    | SHUTOFF | -          | Shutdown    | tenant_57=192.168.57.148                           |
| 33f09f21-fe55-4f40-8223-43e0d44f7e60 | testmgmtvm | SHUTOFF | -          | Shutdown    | tenant_58=192.168.58.154                           |
| b1cce545-d598-41c6-8766-c3af879f9e4b | testvm1    | ACTIVE  | -          | Running     | test-2900=10.0.29.13                               |
| e96293e9-ad26-41de-847a-f8f4c25c7eeb | testvm2    | SHUTOFF | -          | Shutdown    | test-2900=10.0.29.14                               |
| d7b07106-9380-444e-b354-e44571837da2 | testvm3    | SHUTOFF | -          | Shutdown    | test-2900=10.0.29.15                               |
| 78c2d444-3095-41d3-8278-5db33d79b83c | testvm4    | SHUTOFF | -          | Shutdown    | test-2900=10.0.29.16                               |
| 85ab9824-8a74-4cab-b73a-ec1a3559ca49 | testvm5    | ACTIVE  | -          | Running     | test-2900=10.0.29.17                               |
+--------------------------------------+------------+---------+------------+-------------+----------------------------------------------------+
root@cic-1:~# exit
logout
Connection to cic-1 closed.
[root@fuel ~]# ssh cic-1
Warning: Permanently added 'cic-1' (ECDSA) to the list of known hosts.

Attention! Unauthorized remote access is strictly prohibited!

Welcome to Ubuntu 14.04.5 LTS (GNU/Linux 4.4.0-101-generic x86_64)

 * Documentation:  https://help.ubuntu.com/
Last login: Tue Dec 25 14:45:38 2018 from 192.168.51.11
root@cic-1:~# pwd
/root
root@cic-1:~# cd ..
root@cic-1:/# find / -name whitelist.py
/usr/lib/python2.7/dist-packages/nova/pci/whitelist.py
/usr/lib/python2.7/dist-packages/watchmen/common/whitelist.py
root@cic-1:/# vim /usr/lib/python2.7/dist-packages/watchmen/common/whitelist.py
root@cic-1:/#

